Component: Arm Compiler for Embedded 6.22 Tool: armlink [5ee90200]

==============================================================================

Section Cross References

    main.o(.text.SPI2_GPIOInits) refers to stm32f407xx_gpio_driver.o(.text.GPIO_Init) for GPIO_Init
    main.o(.ARM.exidx.text.SPI2_GPIOInits) refers to main.o(.text.SPI2_GPIOInits) for [Anonymous Symbol]
    main.o(.text.SPI2_Inits) refers to stm32f407xx_spi_driver.o(.text.SPI_Init) for SPI_Init
    main.o(.ARM.exidx.text.SPI2_Inits) refers to main.o(.text.SPI2_Inits) for [Anonymous Symbol]
    main.o(.text.main) refers to main.o(.text.SPI2_GPIOInits) for SPI2_GPIOInits
    main.o(.text.main) refers to main.o(.text.SPI2_Inits) for SPI2_Inits
    main.o(.text.main) refers to stm32f407xx_spi_driver.o(.text.SPI_SSIConfig) for SPI_SSIConfig
    main.o(.text.main) refers to stm32f407xx_spi_driver.o(.text.SPI_PeripheralControl) for SPI_PeripheralControl
    main.o(.text.main) refers to strlen.o(.text) for strlen
    main.o(.text.main) refers to stm32f407xx_spi_driver.o(.text.SPI_SendData) for SPI_SendData
    main.o(.text.main) refers to stm32f407xx_spi_driver.o(.text.SPI_GetFlagStatus) for SPI_GetFlagStatus
    main.o(.ARM.exidx.text.main) refers to main.o(.text.main) for [Anonymous Symbol]
    cortexm4.o(.ARM.exidx.text.NVIC_IRQConfig) refers to cortexm4.o(.text.NVIC_IRQConfig) for [Anonymous Symbol]
    cortexm4.o(.ARM.exidx.text.NVIC_IRQPriorityConfig) refers to cortexm4.o(.text.NVIC_IRQPriorityConfig) for [Anonymous Symbol]
    cortexm4.o(.ARM.exidx.text.NVIC_IRQGetPriority) refers to cortexm4.o(.text.NVIC_IRQGetPriority) for [Anonymous Symbol]
    stm32f407xx_gpio_driver.o(.ARM.exidx.text.GPIO_PeriClockControl) refers to stm32f407xx_gpio_driver.o(.text.GPIO_PeriClockControl) for [Anonymous Symbol]
    stm32f407xx_gpio_driver.o(.text.GPIO_Init) refers to stm32f407xx_gpio_driver.o(.text.GPIO_PeriClockControl) for GPIO_PeriClockControl
    stm32f407xx_gpio_driver.o(.ARM.exidx.text.GPIO_Init) refers to stm32f407xx_gpio_driver.o(.text.GPIO_Init) for [Anonymous Symbol]
    stm32f407xx_gpio_driver.o(.ARM.exidx.text.GPIO_DeInit) refers to stm32f407xx_gpio_driver.o(.text.GPIO_DeInit) for [Anonymous Symbol]
    stm32f407xx_gpio_driver.o(.ARM.exidx.text.GPIO_ReadFromInputPin) refers to stm32f407xx_gpio_driver.o(.text.GPIO_ReadFromInputPin) for [Anonymous Symbol]
    stm32f407xx_gpio_driver.o(.ARM.exidx.text.GPIO_ReadFromInputPort) refers to stm32f407xx_gpio_driver.o(.text.GPIO_ReadFromInputPort) for [Anonymous Symbol]
    stm32f407xx_gpio_driver.o(.ARM.exidx.text.GPIO_WriteToOutputPin) refers to stm32f407xx_gpio_driver.o(.text.GPIO_WriteToOutputPin) for [Anonymous Symbol]
    stm32f407xx_gpio_driver.o(.ARM.exidx.text.GPIO_WriteToOutputPort) refers to stm32f407xx_gpio_driver.o(.text.GPIO_WriteToOutputPort) for [Anonymous Symbol]
    stm32f407xx_gpio_driver.o(.ARM.exidx.text.GPIO_ToggleOutputPin) refers to stm32f407xx_gpio_driver.o(.text.GPIO_ToggleOutputPin) for [Anonymous Symbol]
    stm32f407xx_gpio_driver.o(.ARM.exidx.text.GPIO_IRQInterruptConfig) refers to stm32f407xx_gpio_driver.o(.text.GPIO_IRQInterruptConfig) for [Anonymous Symbol]
    stm32f407xx_gpio_driver.o(.ARM.exidx.text.GPIO_IRQPriorityConfig) refers to stm32f407xx_gpio_driver.o(.text.GPIO_IRQPriorityConfig) for [Anonymous Symbol]
    stm32f407xx_gpio_driver.o(.ARM.exidx.text.GPIO_IRQHandling) refers to stm32f407xx_gpio_driver.o(.text.GPIO_IRQHandling) for [Anonymous Symbol]
    stm32f407xx_i2c_driver.o(.ARM.exidx.text.I2C_GenerateStopCondition) refers to stm32f407xx_i2c_driver.o(.text.I2C_GenerateStopCondition) for [Anonymous Symbol]
    stm32f407xx_i2c_driver.o(.ARM.exidx.text.I2C_SlaveEnableDisableCallbackEvents) refers to stm32f407xx_i2c_driver.o(.text.I2C_SlaveEnableDisableCallbackEvents) for [Anonymous Symbol]
    stm32f407xx_i2c_driver.o(.ARM.exidx.text.I2C_PeripheralControl) refers to stm32f407xx_i2c_driver.o(.text.I2C_PeripheralControl) for [Anonymous Symbol]
    stm32f407xx_i2c_driver.o(.ARM.exidx.text.I2C_PeriClockControl) refers to stm32f407xx_i2c_driver.o(.text.I2C_PeriClockControl) for [Anonymous Symbol]
    stm32f407xx_i2c_driver.o(.text.I2C_Init) refers to stm32f407xx_i2c_driver.o(.text.I2C_PeriClockControl) for I2C_PeriClockControl
    stm32f407xx_i2c_driver.o(.text.I2C_Init) refers to stm32f407xx_rcc_driver.o(.text.RCC_GetPCLK1Value) for RCC_GetPCLK1Value
    stm32f407xx_i2c_driver.o(.ARM.exidx.text.I2C_Init) refers to stm32f407xx_i2c_driver.o(.text.I2C_Init) for [Anonymous Symbol]
    stm32f407xx_i2c_driver.o(.ARM.exidx.text.I2C_DeInit) refers to stm32f407xx_i2c_driver.o(.text.I2C_DeInit) for [Anonymous Symbol]
    stm32f407xx_i2c_driver.o(.ARM.exidx.text.I2C_GetFlagStatus) refers to stm32f407xx_i2c_driver.o(.text.I2C_GetFlagStatus) for [Anonymous Symbol]
    stm32f407xx_i2c_driver.o(.text.I2C_MasterSendData) refers to stm32f407xx_i2c_driver.o(.text.I2C_GenerateStartCondition) for I2C_GenerateStartCondition
[...]
    stm32f407xx_rcc_driver.o(.ARM.exidx.text.RCC_GetPCLK2Value) refers to stm32f407xx_rcc_driver.o(.text.RCC_GetPCLK2Value) for [Anonymous Symbol]
    stm32f407xx_rcc_driver.o(.text.RCC_GetAPB1Timer) refers to stm32f407xx_rcc_driver.o(.text.RCC_GetPCLK1Value) for RCC_GetPCLK1Value
    stm32f407xx_rcc_driver.o(.ARM.exidx.text.RCC_GetAPB1Timer) refers to stm32f407xx_rcc_driver.o(.text.RCC_GetAPB1Timer) for [Anonymous Symbol]
    stm32f407xx_rcc_driver.o(.text.RCC_GetAPB2Timer) refers to stm32f407xx_rcc_driver.o(.text.RCC_GetPCLK2Value) for RCC_GetPCLK2Value
    stm32f407xx_rcc_driver.o(.ARM.exidx.text.RCC_GetAPB2Timer) refers to stm32f407xx_rcc_driver.o(.text.RCC_GetAPB2Timer) for [Anonymous Symbol]
    stm32f407xx_spi_driver.o(.ARM.exidx.text.SPI_PeriClockControl) refers to stm32f407xx_spi_driver.o(.text.SPI_PeriClockControl) for [Anonymous Symbol]
    stm32f407xx_spi_driver.o(.text.SPI_Init) refers to stm32f407xx_spi_driver.o(.text.SPI_PeriClockControl) for SPI_PeriClockControl
    stm32f407xx_spi_driver.o(.ARM.exidx.text.SPI_Init) refers to stm32f407xx_spi_driver.o(.text.SPI_Init) for [Anonymous Symbol]
    stm32f407xx_spi_driver.o(.ARM.exidx.text.SPI_DeInit) refers to stm32f407xx_spi_driver.o(.text.SPI_DeInit) for [Anonymous Symbol]
    stm32f407xx_spi_driver.o(.ARM.exidx.text.SPI_GetFlagStatus) refers to stm32f407xx_spi_driver.o(.text.SPI_GetFlagStatus) for [Anonymous Symbol]
    stm32f407xx_spi_driver.o(.text.SPI_SendData) refers to stm32f407xx_spi_driver.o(.text.SPI_GetFlagStatus) for SPI_GetFlagStatus
    stm32f407xx_spi_driver.o(.ARM.exidx.text.SPI_SendData) refers to stm32f407xx_spi_driver.o(.text.SPI_SendData) for [Anonymous Symbol]
    stm32f407xx_spi_driver.o(.text.SPI_ReceiveData) refers to stm32f407xx_spi_driver.o(.text.SPI_GetFlagStatus) for SPI_GetFlagStatus
    stm32f407xx_spi_driver.o(.ARM.exidx.text.SPI_ReceiveData) refers to stm32f407xx_spi_driver.o(.text.SPI_ReceiveData) for [Anonymous Symbol]
    stm32f407xx_spi_driver.o(.ARM.exidx.text.SPI_PeripheralControl) refers to stm32f407xx_spi_driver.o(.text.SPI_PeripheralControl) for [Anonymous Symbol]
    stm32f407xx_spi_driver.o(.ARM.exidx.text.SPI_SSIConfig) refers to stm32f407xx_spi_driver.o(.text.SPI_SSIConfig) for [Anonymous Symbol]
    stm32f407xx_spi_driver.o(.ARM.exidx.text.SPI_SSOEConfig) refers to stm32f407xx_spi_driver.o(.text.SPI_SSOEConfig) for [Anonymous Symbol]
    stm32f407xx_spi_driver.o(.ARM.exidx.text.SPI_IRQInterruptConfig) refers to stm32f407xx_spi_driver.o(.text.SPI_IRQInterruptConfig) for [Anonymous Symbol]
    stm32f407xx_spi_driver.o(.ARM.exidx.text.SPI_IRQPriorityConfig) refers to stm32f407xx_spi_driver.o(.text.SPI_IRQPriorityConfig) for [Anonymous Symbol]
    stm32f407xx_spi_driver.o(.ARM.exidx.text.SPI_SendDataIT) refers to stm32f407xx_spi_driver.o(.text.SPI_SendDataIT) for [Anonymous Symbol]
    stm32f407xx_spi_driver.o(.ARM.exidx.text.SPI_ReceiveDataIT) refers to stm32f407xx_spi_driver.o(.text.SPI_ReceiveDataIT) for [Anonymous Symbol]
    stm32f407xx_spi_driver.o(.text.SPI_IRQHandling) refers to stm32f407xx_spi_driver.o(.text.spi_txe_interrupt_handle) for spi_txe_interrupt_handle
    stm32f407xx_spi_driver.o(.text.SPI_IRQHandling) refers to stm32f407xx_spi_driver.o(.text.spi_rxne_interrupt_handle) for spi_rxne_interrupt_handle
    stm32f407xx_spi_driver.o(.text.SPI_IRQHandling) refers to stm32f407xx_spi_driver.o(.text.spi_ovr_err_interrupt_handle) for spi_ovr_err_interrupt_handle
    stm32f407xx_spi_driver.o(.ARM.exidx.text.SPI_IRQHandling) refers to stm32f407xx_spi_driver.o(.text.SPI_IRQHandling) for [Anonymous Symbol]
    stm32f407xx_spi_driver.o(.text.spi_txe_interrupt_handle) refers to stm32f407xx_spi_driver.o(.text.SPI_CloseTransmisson) for SPI_CloseTransmisson
    stm32f407xx_spi_driver.o(.text.spi_txe_interrupt_handle) refers to stm32f407xx_spi_driver.o(.text.SPI_ApplicationEventCallback) for SPI_ApplicationEventCallback
    stm32f407xx_spi_driver.o(.ARM.exidx.text.spi_txe_interrupt_handle) refers to stm32f407xx_spi_driver.o(.text.spi_txe_interrupt_handle) for [Anonymous Symbol]
    stm32f407xx_spi_driver.o(.text.spi_rxne_interrupt_handle) refers to stm32f407xx_spi_driver.o(.text.SPI_CloseReception) for SPI_CloseReception
    stm32f407xx_spi_driver.o(.text.spi_rxne_interrupt_handle) refers to stm32f407xx_spi_driver.o(.text.SPI_ApplicationEventCallback) for SPI_ApplicationEventCallback
    stm32f407xx_spi_driver.o(.ARM.exidx.text.spi_rxne_interrupt_handle) refers to stm32f407xx_spi_driver.o(.text.spi_rxne_interrupt_handle) for [Anonymous Symbol]
    stm32f407xx_spi_driver.o(.text.spi_ovr_err_interrupt_handle) refers to stm32f407xx_spi_driver.o(.text.SPI_ApplicationEventCallback) for SPI_ApplicationEventCallback
    stm32f407xx_spi_driver.o(.ARM.exidx.text.spi_ovr_err_interrupt_handle) refers to stm32f407xx_spi_driver.o(.text.spi_ovr_err_interrupt_handle) for [Anonymous Symbol]
    stm32f407xx_spi_driver.o(.ARM.exidx.text.SPI_CloseTransmisson) refers to stm32f407xx_spi_driver.o(.text.SPI_CloseTransmisson) for [Anonymous Symbol]
    stm32f407xx_spi_driver.o(.ARM.exidx.text.SPI_CloseReception) refers to stm32f407xx_spi_driver.o(.text.SPI_CloseReception) for [Anonymous Symbol]
    stm32f407xx_spi_driver.o(.ARM.exidx.text.SPI_ClearOVRFlag) refers to stm32f407xx_spi_driver.o(.text.SPI_ClearOVRFlag) for [Anonymous Symbol]
    stm32f407xx_spi_driver.o(.ARM.exidx.text.SPI_ApplicationEventCallback) refers to stm32f407xx_spi_driver.o(.text.SPI_ApplicationEventCallback) for [Anonymous Symbol]
    stm32f407xx_timer_driver.o(.ARM.exidx.text.TIM_Base_Init) refers to stm32f407xx_timer_driver.o(.text.TIM_Base_Init) for [Anonymous Symbol]
    stm32f407xx_timer_driver.o(.text.TIM_Base_Start) refers to stm32f407xx_timer_driver.o(.text.TIM_PeriControl) for TIM_PeriControl
    stm32f407xx_timer_driver.o(.ARM.exidx.text.TIM_Base_Start) refers to stm32f407xx_timer_driver.o(.text.TIM_Base_Start) for [Anonymous Symbol]
    stm32f407xx_timer_driver.o(.ARM.exidx.text.TIM_PeriControl) refers to stm32f407xx_timer_driver.o(.text.TIM_PeriControl) for [Anonymous Symbol]
    stm32f407xx_timer_driver.o(.text.TIM_Base_Stop) refers to stm32f407xx_timer_driver.o(.text.TIM_PeriControl) for TIM_PeriControl
    stm32f407xx_timer_driver.o(.ARM.exidx.text.TIM_Base_Stop) refers to stm32f407xx_timer_driver.o(.text.TIM_Base_Stop) for [Anonymous Symbol]
    stm32f407xx_timer_driver.o(.ARM.exidx.text.TIM_GetFlag) refers to stm32f407xx_timer_driver.o(.text.TIM_GetFlag) for [Anonymous Symbol]
    stm32f407xx_uart_driver.o(.text.USART_SetBaudRate) refers to stm32f407xx_rcc_driver.o(.text.RCC_GetPCLK2Value) for RCC_GetPCLK2Value
    stm32f407xx_uart_driver.o(.text.USART_SetBaudRate) refers to stm32f407xx_rcc_driver.o(.text.RCC_GetPCLK1Value) for RCC_GetPCLK1Value
    stm32f407xx_uart_driver.o(.ARM.exidx.text.USART_SetBaudRate) refers to stm32f407xx_uart_driver.o(.text.USART_SetBaudRate) for [Anonymous Symbol]
    stm32f407xx_uart_driver.o(.text.USART_Init) refers to stm32f407xx_uart_driver.o(.text.USART_PeriClockControl) for USART_PeriClockControl
    stm32f407xx_uart_driver.o(.text.USART_Init) refers to stm32f407xx_uart_driver.o(.text.USART_SetBaudRate) for USART_SetBaudRate
    stm32f407xx_uart_driver.o(.ARM.exidx.text.USART_Init) refers to stm32f407xx_uart_driver.o(.text.USART_Init) for [Anonymous Symbol]
    stm32f407xx_uart_driver.o(.ARM.exidx.text.USART_PeriClockControl) refers to stm32f407xx_uart_driver.o(.text.USART_PeriClockControl) for [Anonymous Symbol]
    stm32f407xx_uart_driver.o(.ARM.exidx.text.USART_PeripheralControl) refers to stm32f407xx_uart_driver.o(.text.USART_PeripheralControl) for [Anonymous Symbol]
    stm32f407xx_uart_driver.o(.ARM.exidx.text.USART_GetFlagStatus) refers to stm32f407xx_uart_driver.o(.text.USART_GetFlagStatus) for [Anonymous Symbol]
    stm32f407xx_uart_driver.o(.text.USART_SendData) refers to stm32f407xx_uart_driver.o(.text.USART_GetFlagStatus) for USART_GetFlagStatus
    stm32f407xx_uart_driver.o(.ARM.exidx.text.USART_SendData) refers to stm32f407xx_uart_driver.o(.text.USART_SendData) for [Anonymous Symbol]
    stm32f407xx_uart_driver.o(.text.USART_ReceiveData) refers to stm32f407xx_uart_driver.o(.text.USART_GetFlagStatus) for USART_GetFlagStatus
    stm32f407xx_uart_driver.o(.ARM.exidx.text.USART_ReceiveData) refers to stm32f407xx_uart_driver.o(.text.USART_ReceiveData) for [Anonymous Symbol]
    stm32f407xx_uart_driver.o(.ARM.exidx.text.USART_SendDataIT) refers to stm32f407xx_uart_driver.o(.text.USART_SendDataIT) for [Anonymous Symbol]
    stm32f407xx_uart_driver.o(.ARM.exidx.text.USART_ReceiveDataIT) refers to stm32f407xx_uart_driver.o(.text.USART_ReceiveDataIT) for [Anonymous Symbol]
    stm32f407xx_uart_driver.o(.ARM.exidx.text.USART_ClearFlag) refers to stm32f407xx_uart_driver.o(.text.USART_ClearFlag) for [Anonymous Symbol]
    stm32f407xx_uart_driver.o(.ARM.exidx.text.USART_IRQInterruptConfig) refers to stm32f407xx_uart_driver.o(.text.USART_IRQInterruptConfig) for [Anonymous Symbol]
    stm32f407xx_uart_driver.o(.ARM.exidx.text.USART_IRQPriorityConfig) refers to stm32f407xx_uart_driver.o(.text.USART_IRQPriorityConfig) for [Anonymous Symbol]
    stm32f407xx_uart_driver.o(.text.USART_IRQHandling) refers to stm32f407xx_uart_driver.o(.text.USART_ApplicationEventCallback) for USART_ApplicationEventCallback
    stm32f407xx_uart_driver.o(.ARM.exidx.text.USART_IRQHandling) refers to stm32f407xx_uart_driver.o(.text.USART_IRQHandling) for [Anonymous Symbol]
    stm32f407xx_uart_driver.o(.ARM.exidx.text.USART_ApplicationEventCallback) refers to stm32f407xx_uart_driver.o(.text.USART_ApplicationEventCallback) for [Anonymous Symbol]
    stm32f407xx_wwdg_driver.o(.ARM.exidx.text.WWDG_EnableWatchdog) refers to stm32f407xx_wwdg_driver.o(.text.WWDG_EnableWatchdog) for [Anonymous Symbol]
    stm32f407xx_wwdg_driver.o(.ARM.exidx.text.WWDG_Active) refers to stm32f407xx_wwdg_driver.o(.text.WWDG_Active) for [Anonymous Symbol]
    startup_stm32f407xx.o(STACK) refers (Special) to heapauxi.o(.text) for __use_two_region_memory
    startup_stm32f407xx.o(HEAP) refers (Special) to heapauxi.o(.text) for __use_two_region_memory
    startup_stm32f407xx.o(RESET) refers (Special) to heapauxi.o(.text) for __use_two_region_memory
    startup_stm32f407xx.o(RESET) refers to startup_stm32f407xx.o(STACK) for __initial_sp
    startup_stm32f407xx.o(RESET) refers to startup_stm32f407xx.o(.text) for Reset_Handler
    startup_stm32f407xx.o(.text) refers (Special) to heapauxi.o(.text) for __use_two_region_memory
    startup_stm32f407xx.o(.text) refers to system_stm32f4xx.o(.text.SystemInit) for SystemInit
    startup_stm32f407xx.o(.text) refers to __main.o(!!!main) for __main
    startup_stm32f407xx.o(.text) refers to startup_stm32f407xx.o(HEAP) for Heap_Mem
    startup_stm32f407xx.o(.text) refers to startup_stm32f407xx.o(STACK) for Stack_Mem
    system_stm32f4xx.o(.ARM.exidx.text.SystemInit) refers to system_stm32f4xx.o(.text.SystemInit) for [Anonymous Symbol]
    system_stm32f4xx.o(.text.SystemCoreClockUpdate) refers to system_stm32f4xx.o(.data.SystemCoreClock) for SystemCoreClock
    system_stm32f4xx.o(.text.SystemCoreClockUpdate) refers to system_stm32f4xx.o(.rodata.AHBPrescTable) for AHBPrescTable
    system_stm32f4xx.o(.ARM.exidx.text.SystemCoreClockUpdate) refers to system_stm32f4xx.o(.text.SystemCoreClockUpdate) for [Anonymous Symbol]
    __main.o(!!!main) refers to __rtentry.o(.ARM.Collect$$rtentry$$00000000) for __rt_entry
    __rtentry.o(.ARM.Collect$$rtentry$$00000000) refers (Special) to __rtentry2.o(.ARM.Collect$$rtentry$$0000000A) for __rt_entry_li
    __rtentry.o(.ARM.Collect$$rtentry$$00000000) refers (Special) to __rtentry2.o(.ARM.Collect$$rtentry$$0000000D) for __rt_entry_main
    __rtentry.o(.ARM.Collect$$rtentry$$00000000) refers (Special) to __rtentry2.o(.ARM.Collect$$rtentry$$0000000C) for __rt_entry_postli_1
    __rtentry.o(.ARM.Collect$$rtentry$$00000000) refers (Special) to __rtentry2.o(.ARM.Collect$$rtentry$$00000009) for __rt_entry_postsh_1
    __rtentry.o(.ARM.Collect$$rtentry$$00000000) refers (Special) to __rtentry2.o(.ARM.Collect$$rtentry$$00000002) for __rt_entry_presh_1
    __rtentry.o(.ARM.Collect$$rtentry$$00000000) refers (Special) to __rtentry4.o(.ARM.Collect$$rtentry$$00000004) for __rt_entry_sh
    __rtentry2.o(.ARM.Collect$$rtentry$$00000008) refers to boardinit2.o(.text) for _platform_post_stackheap_init
    __rtentry2.o(.ARM.Collect$$rtentry$$0000000A) refers to libinit.o(.ARM.Collect$$libinit$$00000000) for __rt_lib_init
    __rtentry2.o(.ARM.Collect$$rtentry$$0000000B) refers to boardinit3.o(.text) for _platform_post_lib_init
    __rtentry2.o(.ARM.Collect$$rtentry$$0000000D) refers to main.o(.text.main) for main
    __rtentry2.o(.ARM.Collect$$rtentry$$0000000D) refers to exit.o(.text) for exit
    __rtentry2.o(.ARM.exidx) refers to __rtentry2.o(.ARM.Collect$$rtentry$$00000001) for .ARM.Collect$$rtentry$$00000001
    __rtentry2.o(.ARM.exidx) refers to __rtentry2.o(.ARM.Collect$$rtentry$$00000008) for .ARM.Collect$$rtentry$$00000008
    __rtentry2.o(.ARM.exidx) refers to __rtentry2.o(.ARM.Collect$$rtentry$$0000000A) for .ARM.Collect$$rtentry$$0000000A
    __rtentry2.o(.ARM.exidx) refers to __rtentry2.o(.ARM.Collect$$rtentry$$0000000B) for .ARM.Collect$$rtentry$$0000000B
    __rtentry2.o(.ARM.exidx) refers to __rtentry2.o(.ARM.Collect$$rtentry$$0000000D) for .ARM.Collect$$rtentry$$0000000D
    __rtentry4.o(.ARM.Collect$$rtentry$$00000004) refers to sys_stackheap_outer.o(.text) for __user_setup_stackheap
    __rtentry4.o(.ARM.exidx) refers to __rtentry4.o(.ARM.Collect$$rtentry$$00000004) for .ARM.Collect$$rtentry$$00000004
    sys_stackheap_outer.o(.text) refers to libspace.o(.text) for __user_perproc_libspace
    sys_stackheap_outer.o(.text) refers to startup_stm32f407xx.o(.text) for __user_initial_stackheap
    exit.o(.text) refers to rtexit.o(.ARM.Collect$$rtexit$$00000000) for __rt_exit
    libinit.o(.ARM.Collect$$libinit$$00000000) refers (Special) to libinit2.o(.ARM.Collect$$libinit$$00000030) for __rt_lib_init_alloca_1
    libinit.o(.ARM.Collect$$libinit$$00000000) refers (Special) to libinit2.o(.ARM.Collect$$libinit$$0000002E) for __rt_lib_init_argv_1
    libinit.o(.ARM.Collect$$libinit$$00000000) refers (Special) to libinit2.o(.ARM.Collect$$libinit$$0000001D) for __rt_lib_init_atexit_1
    libinit.o(.ARM.Collect$$libinit$$00000000) refers (Special) to libinit2.o(.ARM.Collect$$libinit$$00000023) for __rt_lib_init_clock_1
    libinit.o(.ARM.Collect$$libinit$$00000000) refers (Special) to libinit2.o(.ARM.Collect$$libinit$$00000034) for __rt_lib_init_cpp_1
    libinit.o(.ARM.Collect$$libinit$$00000000) refers (Special) to libinit2.o(.ARM.Collect$$libinit$$00000032) for __rt_lib_init_exceptions_1
    libinit.o(.ARM.Collect$$libinit$$00000000) refers (Special) to libinit2.o(.ARM.Collect$$libinit$$00000001) for __rt_lib_init_fp_1
    libinit.o(.ARM.Collect$$libinit$$00000000) refers (Special) to libinit2.o(.ARM.Collect$$libinit$$00000021) for __rt_lib_init_fp_trap_1
    libinit.o(.ARM.Collect$$libinit$$00000000) refers (Special) to libinit2.o(.ARM.Collect$$libinit$$00000025) for __rt_lib_init_getenv_1
    libinit.o(.ARM.Collect$$libinit$$00000000) refers (Special) to libinit2.o(.ARM.Collect$$libinit$$0000000C) for __rt_lib_init_heap_1
    libinit.o(.ARM.Collect$$libinit$$00000000) refers (Special) to libinit2.o(.ARM.Collect$$libinit$$00000013) for __rt_lib_init_lc_collate_1
    libinit.o(.ARM.Collect$$libinit$$00000000) refers (Special) to libinit2.o(.ARM.Collect$$libinit$$00000015) for __rt_lib_init_lc_ctype_1
    libinit.o(.ARM.Collect$$libinit$$00000000) refers (Special) to libinit2.o(.ARM.Collect$$libinit$$00000017) for __rt_lib_init_lc_monetary_1
    libinit.o(.ARM.Collect$$libinit$$00000000) refers (Special) to libinit2.o(.ARM.Collect$$libinit$$00000019) for __rt_lib_init_lc_numeric_1
    libinit.o(.ARM.Collect$$libinit$$00000000) refers (Special) to libinit2.o(.ARM.Collect$$libinit$$0000001B) for __rt_lib_init_lc_time_1
    libinit.o(.ARM.Collect$$libinit$$00000000) refers (Special) to libinit2.o(.ARM.Collect$$libinit$$00000006) for __rt_lib_init_preinit_1
    libinit.o(.ARM.Collect$$libinit$$00000000) refers (Special) to libinit2.o(.ARM.Collect$$libinit$$00000010) for __rt_lib_init_rand_1
    libinit.o(.ARM.Collect$$libinit$$00000000) refers (Special) to libinit2.o(.ARM.Collect$$libinit$$00000004) for __rt_lib_init_relocate_pie_1
    libinit.o(.ARM.Collect$$libinit$$00000000) refers (Special) to libinit2.o(.ARM.Collect$$libinit$$00000035) for __rt_lib_init_return
    libinit.o(.ARM.Collect$$libinit$$00000000) refers (Special) to libinit2.o(.ARM.Collect$$libinit$$0000001F) for __rt_lib_init_signal_1
    libinit.o(.ARM.Collect$$libinit$$00000000) refers (Special) to libinit2.o(.ARM.Collect$$libinit$$00000027) for __rt_lib_init_stdio_1
    libinit.o(.ARM.Collect$$libinit$$00000000) refers (Special) to libinit2.o(.ARM.Collect$$libinit$$0000000E) for __rt_lib_init_user_alloc_1
    libspace.o(.text) refers to libspace.o(.bss) for __libspace_start
    rtexit.o(.ARM.Collect$$rtexit$$00000000) refers (Special) to rtexit2.o(.ARM.Collect$$rtexit$$00000004) for __rt_exit_exit
    rtexit.o(.ARM.Collect$$rtexit$$00000000) refers (Special) to rtexit2.o(.ARM.Collect$$rtexit$$00000003) for __rt_exit_ls
    rtexit.o(.ARM.Collect$$rtexit$$00000000) refers (Special) to rtexit2.o(.ARM.Collect$$rtexit$$00000002) for __rt_exit_prels_1
    rtexit.o(.ARM.exidx) refers (Special) to rtexit2.o(.ARM.Collect$$rtexit$$00000004) for __rt_exit_exit
    rtexit.o(.ARM.exidx) refers (Special) to rtexit2.o(.ARM.Collect$$rtexit$$00000003) for __rt_exit_ls
    rtexit.o(.ARM.exidx) refers (Special) to rtexit2.o(.ARM.Collect$$rtexit$$00000002) for __rt_exit_prels_1
    rtexit.o(.ARM.exidx) refers to rtexit.o(.ARM.Collect$$rtexit$$00000000) for .ARM.Collect$$rtexit$$00000000
    libinit2.o(.ARM.Collect$$libinit$$00000001) refers to fpinit.o(x$fpl$fpinit) for _fp_init
    libinit2.o(.ARM.Collect$$libinit$$00000012) refers to libinit2.o(.ARM.Collect$$libinit$$00000011) for .ARM.Collect$$libinit$$00000011
    libinit2.o(.ARM.Collect$$libinit$$00000014) refers to libinit2.o(.ARM.Collect$$libinit$$00000011) for .ARM.Collect$$libinit$$00000011
    libinit2.o(.ARM.Collect$$libinit$$00000016) refers to libinit2.o(.ARM.Collect$$libinit$$00000011) for .ARM.Collect$$libinit$$00000011
    libinit2.o(.ARM.Collect$$libinit$$00000018) refers to libinit2.o(.ARM.Collect$$libinit$$00000011) for .ARM.Collect$$libinit$$00000011
    libinit2.o(.ARM.Collect$$libinit$$0000001A) refers to libinit2.o(.ARM.Collect$$libinit$$00000011) for .ARM.Collect$$libinit$$00000011
    libinit2.o(.ARM.Collect$$libinit$$00000028) refers to argv_veneer.o(.emb_text) for __ARM_argv_veneer
    libinit2.o(.ARM.Collect$$libinit$$00000029) refers to argv_veneer.o(.emb_text) for __ARM_argv_veneer
    rtexit2.o(.ARM.Collect$$rtexit$$00000003) refers to libshutdown.o(.ARM.Collect$$libshutdown$$00000000) for __rt_lib_shutdown
    rtexit2.o(.ARM.Collect$$rtexit$$00000004) refers to sys_exit.o(.text) for _sys_exit
    rtexit2.o(.ARM.exidx) refers to rtexit2.o(.ARM.Collect$$rtexit$$00000001) for .ARM.Collect$$rtexit$$00000001
    rtexit2.o(.ARM.exidx) refers to rtexit2.o(.ARM.Collect$$rtexit$$00000003) for .ARM.Collect$$rtexit$$00000003
    rtexit2.o(.ARM.exidx) refers to rtexit2.o(.ARM.Collect$$rtexit$$00000004) for .ARM.Collect$$rtexit$$00000004
    argv_veneer.o(.emb_text) refers to no_argv.o(.text) for __ARM_get_argv
    sys_exit.o(.text) refers (Special) to use_no_semi.o(.text) for __I$use$semihosting
    sys_exit.o(.text) refers (Special) to indicate_semi.o(.text) for __semihosting_library_function
    sys_exit_hlt.o(.text) refers (Special) to use_no_semi.o(.text) for __I$use$semihosting
    sys_exit_hlt.o(.text) refers (Special) to indicate_semi.o(.text) for __semihosting_library_function
    _get_argv_nomalloc.o(.text) refers (Special) to hrguard.o(.text) for __heap_region$guard
    _get_argv_nomalloc.o(.text) refers to defsig_rtmem_outer.o(.text) for __rt_SIGRTMEM
    _get_argv_nomalloc.o(.text) refers to sys_command.o(.text) for _sys_command_string
    libshutdown.o(.ARM.Collect$$libshutdown$$00000000) refers (Special) to libshutdown2.o(.ARM.Collect$$libshutdown$$00000002) for __rt_lib_shutdown_cpp_1
    libshutdown.o(.ARM.Collect$$libshutdown$$00000000) refers (Special) to libshutdown2.o(.ARM.Collect$$libshutdown$$00000007) for __rt_lib_shutdown_fp_trap_1
    libshutdown.o(.ARM.Collect$$libshutdown$$00000000) refers (Special) to libshutdown2.o(.ARM.Collect$$libshutdown$$0000000F) for __rt_lib_shutdown_heap_1
    libshutdown.o(.ARM.Collect$$libshutdown$$00000000) refers (Special) to libshutdown2.o(.ARM.Collect$$libshutdown$$00000010) for __rt_lib_shutdown_return
    libshutdown.o(.ARM.Collect$$libshutdown$$00000000) refers (Special) to libshutdown2.o(.ARM.Collect$$libshutdown$$0000000A) for __rt_lib_shutdown_signal_1
    libshutdown.o(.ARM.Collect$$libshutdown$$00000000) refers (Special) to libshutdown2.o(.ARM.Collect$$libshutdown$$00000004) for __rt_lib_shutdown_stdio_1
    libshutdown.o(.ARM.Collect$$libshutdown$$00000000) refers (Special) to libshutdown2.o(.ARM.Collect$$libshutdown$$0000000C) for __rt_lib_shutdown_user_alloc_1
    sys_command.o(.text) refers (Special) to use_no_semi.o(.text) for __I$use$semihosting
    sys_command.o(.text) refers (Special) to indicate_semi.o(.text) for __semihosting_library_function
    sys_command_hlt.o(.text) refers (Special) to use_no_semi.o(.text) for __I$use$semihosting
    sys_command_hlt.o(.text) refers (Special) to indicate_semi.o(.text) for __semihosting_library_function
    defsig_rtmem_outer.o(.text) refers to defsig_rtmem_inner.o(.text) for __rt_SIGRTMEM_inner
    defsig_rtmem_outer.o(.text) refers to defsig_exit.o(.text) for __sig_exit
    defsig_rtmem_formal.o(.text) refers to rt_raise.o(.text) for __rt_raise
    rt_raise.o(.text) refers to __raise.o(.text) for __raise
    rt_raise.o(.text) refers to sys_exit.o(.text) for _sys_exit
    defsig_exit.o(.text) refers to sys_exit.o(.text) for _sys_exit
    defsig_rtmem_inner.o(.text) refers to defsig_general.o(.text) for __default_signal_display
    __raise.o(.text) refers to defsig.o(CL$$defsig) for __default_signal_handler
    defsig_general.o(.text) refers to sys_wrch.o(.text) for _ttywrch
    sys_wrch.o(.text) refers (Special) to use_no_semi.o(.text) for __I$use$semihosting
    sys_wrch.o(.text) refers (Special) to indicate_semi.o(.text) for __semihosting_library_function
    sys_wrch_hlt.o(.text) refers (Special) to use_no_semi.o(.text) for __I$use$semihosting
    sys_wrch_hlt.o(.text) refers (Special) to indicate_semi.o(.text) for __semihosting_library_function
    defsig.o(CL$$defsig) refers to defsig_rtmem_inner.o(.text) for __rt_SIGRTMEM_inner
    defsig_abrt_inner.o(.text) refers to defsig_general.o(.text) for __default_signal_display
    defsig_fpe_inner.o(.text) refers to defsig_general.o(.text) for __default_signal_display
    defsig_rtred_inner.o(.text) refers to defsig_general.o(.text) for __default_signal_display
    defsig_stak_inner.o(.text) refers to defsig_general.o(.text) for __default_signal_display
    defsig_pvfn_inner.o(.text) refers to defsig_general.o(.text) for __default_signal_display
    defsig_cppl_inner.o(.text) refers to defsig_general.o(.text) for __default_signal_display
    defsig_segv_inner.o(.text) refers to defsig_general.o(.text) for __default_signal_display
    defsig_other.o(.text) refers to defsig_general.o(.text) for __default_signal_display


==============================================================================

Removing Unused input sections from the image.

    Removing main.o(.text), (0 bytes).
    Removing main.o(.ARM.exidx.text.SPI2_GPIOInits), (8 bytes).
    Removing main.o(.ARM.exidx.text.SPI2_Inits), (8 bytes).
    Removing main.o(.ARM.exidx.text.main), (8 bytes).
    Removing main.o(.rodata.str1.1), (12 bytes).
    Removing main.o(.ARM.use_no_argv), (4 bytes).
    Removing cortexm4.o(.text), (0 bytes).
    Removing cortexm4.o(.text.NVIC_IRQConfig), (102 bytes).
    Removing cortexm4.o(.ARM.exidx.text.NVIC_IRQConfig), (8 bytes).
    Removing cortexm4.o(.text.NVIC_IRQPriorityConfig), (108 bytes).
    Removing cortexm4.o(.ARM.exidx.text.NVIC_IRQPriorityConfig), (8 bytes).
    Removing cortexm4.o(.text.NVIC_IRQGetPriority), (72 bytes).
    Removing cortexm4.o(.ARM.exidx.text.NVIC_IRQGetPriority), (8 bytes).
    Removing stm32f407xx_adc_driver.o(.text), (0 bytes).
    Removing stm32f407xx_bxcan_driver.o(.text), (0 bytes).
    Removing stm32f407xx_dma_driver.o(.text), (0 bytes).
    Removing stm32f407xx_exti_driver.o(.text), (0 bytes).
    Removing stm32f407xx_flash_driver.o(.text), (0 bytes).
    Removing stm32f407xx_gpio_driver.o(.text), (0 bytes).
    Removing stm32f407xx_gpio_driver.o(.ARM.exidx.text.GPIO_PeriClockControl), (8 bytes).
    Removing stm32f407xx_gpio_driver.o(.ARM.exidx.text.GPIO_Init), (8 bytes).
    Removing stm32f407xx_gpio_driver.o(.text.GPIO_DeInit), (436 bytes).
    Removing stm32f407xx_gpio_driver.o(.ARM.exidx.text.GPIO_DeInit), (8 bytes).
    Removing stm32f407xx_gpio_driver.o(.text.GPIO_ReadFromInputPin), (34 bytes).
    Removing stm32f407xx_gpio_driver.o(.ARM.exidx.text.GPIO_ReadFromInputPin), (8 bytes).
    Removing stm32f407xx_gpio_driver.o(.text.GPIO_ReadFromInputPort), (20 bytes).
    Removing stm32f407xx_gpio_driver.o(.ARM.exidx.text.GPIO_ReadFromInputPort), (8 bytes).
    Removing stm32f407xx_gpio_driver.o(.text.GPIO_WriteToOutputPin), (66 bytes).
    Removing stm32f407xx_gpio_driver.o(.ARM.exidx.text.GPIO_WriteToOutputPin), (8 bytes).
    Removing stm32f407xx_gpio_driver.o(.text.GPIO_WriteToOutputPort), (20 bytes).
    Removing stm32f407xx_gpio_driver.o(.ARM.exidx.text.GPIO_WriteToOutputPort), (8 bytes).
    Removing stm32f407xx_gpio_driver.o(.text.GPIO_ToggleOutputPin), (30 bytes).
    Removing stm32f407xx_gpio_driver.o(.ARM.exidx.text.GPIO_ToggleOutputPin), (8 bytes).
    Removing stm32f407xx_gpio_driver.o(.text.GPIO_IRQInterruptConfig), (308 bytes).
    Removing stm32f407xx_gpio_driver.o(.ARM.exidx.text.GPIO_IRQInterruptConfig), (8 bytes).
    Removing stm32f407xx_gpio_driver.o(.text.GPIO_IRQPriorityConfig), (78 bytes).
    Removing stm32f407xx_gpio_driver.o(.ARM.exidx.text.GPIO_IRQPriorityConfig), (8 bytes).
    Removing stm32f407xx_gpio_driver.o(.text.GPIO_IRQHandling), (58 bytes).
    Removing stm32f407xx_gpio_driver.o(.ARM.exidx.text.GPIO_IRQHandling), (8 bytes).
    Removing stm32f407xx_i2c_driver.o(.text), (0 bytes).
    Removing stm32f407xx_i2c_driver.o(.text.I2C_GenerateStopCondition), (18 bytes).
    Removing stm32f407xx_i2c_driver.o(.ARM.exidx.text.I2C_GenerateStopCondition), (8 bytes).
    Removing stm32f407xx_i2c_driver.o(.text.I2C_SlaveEnableDisableCallbackEvents), (86 bytes).
    Removing stm32f407xx_i2c_driver.o(.ARM.exidx.text.I2C_SlaveEnableDisableCallbackEvents), (8 bytes).
    Removing stm32f407xx_i2c_driver.o(.text.I2C_PeripheralControl), (46 bytes).
    Removing stm32f407xx_i2c_driver.o(.ARM.exidx.text.I2C_PeripheralControl), (8 bytes).
    Removing stm32f407xx_i2c_driver.o(.text.I2C_PeriClockControl), (132 bytes).
    Removing stm32f407xx_i2c_driver.o(.ARM.exidx.text.I2C_PeriClockControl), (8 bytes).
    Removing stm32f407xx_i2c_driver.o(.text.I2C_Init), (364 bytes).
    Removing stm32f407xx_i2c_driver.o(.ARM.exidx.text.I2C_Init), (8 bytes).
    Removing stm32f407xx_i2c_driver.o(.text.I2C_DeInit), (8 bytes).
    Removing stm32f407xx_i2c_driver.o(.ARM.exidx.text.I2C_DeInit), (8 bytes).
    Removing stm32f407xx_i2c_driver.o(.text.I2C_GetFlagStatus), (42 bytes).
    Removing stm32f407xx_i2c_driver.o(.ARM.exidx.text.I2C_GetFlagStatus), (8 bytes).
    Removing stm32f407xx_i2c_driver.o(.text.I2C_MasterSendData), (194 bytes).
    Removing stm32f407xx_i2c_driver.o(.ARM.exidx.text.I2C_MasterSendData), (8 bytes).
    Removing stm32f407xx_i2c_driver.o(.text.I2C_GenerateStartCondition), (18 bytes).
    Removing stm32f407xx_i2c_driver.o(.ARM.exidx.text.I2C_GenerateStartCondition), (8 bytes).
    Removing stm32f407xx_i2c_driver.o(.text.I2C_ExecuteAddressPhaseWrite), (42 bytes).
    Removing stm32f407xx_i2c_driver.o(.ARM.exidx.text.I2C_ExecuteAddressPhaseWrite), (8 bytes).
    Removing stm32f407xx_i2c_driver.o(.text.I2C_ClearADDRFlag), (110 bytes).
    Removing stm32f407xx_i2c_driver.o(.ARM.exidx.text.I2C_ClearADDRFlag), (8 bytes).
    Removing stm32f407xx_i2c_driver.o(.text.I2C_MasterReceiveData), (296 bytes).
    Removing stm32f407xx_i2c_driver.o(.ARM.exidx.text.I2C_MasterReceiveData), (8 bytes).
    Removing stm32f407xx_i2c_driver.o(.text.I2C_ExecuteAddressPhaseRead), (42 bytes).
    Removing stm32f407xx_i2c_driver.o(.ARM.exidx.text.I2C_ExecuteAddressPhaseRead), (8 bytes).
    Removing stm32f407xx_i2c_driver.o(.text.I2C_ManageAcking), (46 bytes).
    Removing stm32f407xx_i2c_driver.o(.ARM.exidx.text.I2C_ManageAcking), (8 bytes).
    Removing stm32f407xx_i2c_driver.o(.text.I2C_IRQInterruptConfig), (308 bytes).
    Removing stm32f407xx_i2c_driver.o(.ARM.exidx.text.I2C_IRQInterruptConfig), (8 bytes).
    Removing stm32f407xx_i2c_driver.o(.text.I2C_IRQPriorityConfig), (78 bytes).
    Removing stm32f407xx_i2c_driver.o(.ARM.exidx.text.I2C_IRQPriorityConfig), (8 bytes).
    Removing stm32f407xx_i2c_driver.o(.text.I2C_MasterSendDataIT), (142 bytes).
    Removing stm32f407xx_i2c_driver.o(.ARM.exidx.text.I2C_MasterSendDataIT), (8 bytes).
    Removing stm32f407xx_i2c_driver.o(.text.I2C_MasterReceiveDataIT), (154 bytes).
    Removing stm32f407xx_i2c_driver.o(.ARM.exidx.text.I2C_MasterReceiveDataIT), (8 bytes).
    Removing stm32f407xx_i2c_driver.o(.text.I2C_CloseReceiveData), (74 bytes).
    Removing stm32f407xx_i2c_driver.o(.ARM.exidx.text.I2C_CloseReceiveData), (8 bytes).
    Removing stm32f407xx_i2c_driver.o(.text.I2C_CloseSendData), (46 bytes).
    Removing stm32f407xx_i2c_driver.o(.ARM.exidx.text.I2C_CloseSendData), (8 bytes).
    Removing stm32f407xx_i2c_driver.o(.text.I2C_SlaveSendData), (20 bytes).
    Removing stm32f407xx_i2c_driver.o(.ARM.exidx.text.I2C_SlaveSendData), (8 bytes).
    Removing stm32f407xx_i2c_driver.o(.text.I2C_SlaveReceiveData), (14 bytes).
    Removing stm32f407xx_i2c_driver.o(.ARM.exidx.text.I2C_SlaveReceiveData), (8 bytes).
    Removing stm32f407xx_i2c_driver.o(.text.I2C_EV_IRQHandling), (472 bytes).
    Removing stm32f407xx_i2c_driver.o(.ARM.exidx.text.I2C_EV_IRQHandling), (8 bytes).
    Removing stm32f407xx_i2c_driver.o(.text.I2C_ApplicationEventCallback), (12 bytes).
    Removing stm32f407xx_i2c_driver.o(.ARM.exidx.text.I2C_ApplicationEventCallback), (8 bytes).
    Removing stm32f407xx_i2c_driver.o(.text.I2C_MasterHandleTXEInterrupt), (44 bytes).
    Removing stm32f407xx_i2c_driver.o(.ARM.exidx.text.I2C_MasterHandleTXEInterrupt), (8 bytes).
    Removing stm32f407xx_i2c_driver.o(.text.I2C_MasterHandleRXNEInterrupt), (148 bytes).
    Removing stm32f407xx_i2c_driver.o(.ARM.exidx.text.I2C_MasterHandleRXNEInterrupt), (8 bytes).
    Removing stm32f407xx_i2c_driver.o(.text.I2C_ER_IRQHandling), (252 bytes).
    Removing stm32f407xx_i2c_driver.o(.ARM.exidx.text.I2C_ER_IRQHandling), (8 bytes).
    Removing stm32f407xx_iwdg_driver.o(.text), (0 bytes).
    Removing stm32f407xx_pwr_driver.o(.text), (0 bytes).
    Removing stm32f407xx_pwr_driver.o(.text.PWR_EnableBkUpAccess), (18 bytes).
    Removing stm32f407xx_pwr_driver.o(.ARM.exidx.text.PWR_EnableBkUpAccess), (8 bytes).
    Removing stm32f407xx_pwr_driver.o(.text.PWR_DisableBkUpAccess), (18 bytes).
    Removing stm32f407xx_pwr_driver.o(.ARM.exidx.text.PWR_DisableBkUpAccess), (8 bytes).
    Removing stm32f407xx_pwr_driver.o(.text.PWR_ConfigPVD), (214 bytes).
    Removing stm32f407xx_pwr_driver.o(.ARM.exidx.text.PWR_ConfigPVD), (8 bytes).
    Removing stm32f407xx_pwr_driver.o(.text.PWR_EnablePVD), (18 bytes).
    Removing stm32f407xx_pwr_driver.o(.ARM.exidx.text.PWR_EnablePVD), (8 bytes).
    Removing stm32f407xx_pwr_driver.o(.text.PWR_DisablePVD), (18 bytes).
    Removing stm32f407xx_pwr_driver.o(.ARM.exidx.text.PWR_DisablePVD), (8 bytes).
    Removing stm32f407xx_pwr_driver.o(.text.PWR_EnableWakeUppin), (18 bytes).
    Removing stm32f407xx_pwr_driver.o(.ARM.exidx.text.PWR_EnableWakeUppin), (8 bytes).
    Removing stm32f407xx_pwr_driver.o(.text.PWR_DisableWakeUppin), (18 bytes).
    Removing stm32f407xx_pwr_driver.o(.ARM.exidx.text.PWR_DisableWakeUppin), (8 bytes).
    Removing stm32f407xx_pwr_driver.o(.text.PWR_EnterSLEEPMode), (60 bytes).
    Removing stm32f407xx_pwr_driver.o(.ARM.exidx.text.PWR_EnterSLEEPMode), (8 bytes).
    Removing stm32f407xx_pwr_driver.o(.text.PWR_EnterSTOPMode), (136 bytes).
    Removing stm32f407xx_pwr_driver.o(.ARM.exidx.text.PWR_EnterSTOPMode), (8 bytes).
    Removing stm32f407xx_pwr_driver.o(.text.PWR_EnableBkUpRegulator), (42 bytes).
    Removing stm32f407xx_pwr_driver.o(.ARM.exidx.text.PWR_EnableBkUpRegulator), (8 bytes).
    Removing stm32f407xx_pwr_driver.o(.text.PWR_EnterSTANDBYMode), (36 bytes).
    Removing stm32f407xx_pwr_driver.o(.ARM.exidx.text.PWR_EnterSTANDBYMode), (8 bytes).
    Removing stm32f407xx_pwr_driver.o(.text.PWR_PVD_IRQHandler), (44 bytes).
    Removing stm32f407xx_pwr_driver.o(.ARM.exidx.text.PWR_PVD_IRQHandler), (8 bytes).
    Removing stm32f407xx_pwr_driver.o(.text.PWR_PVD_Callback), (2 bytes).
    Removing stm32f407xx_pwr_driver.o(.ARM.exidx.text.PWR_PVD_Callback), (8 bytes).
    Removing stm32f407xx_pwr_driver.o(.text.PWR_EnableSleepOnExit), (18 bytes).
    Removing stm32f407xx_pwr_driver.o(.ARM.exidx.text.PWR_EnableSleepOnExit), (8 bytes).
    Removing stm32f407xx_pwr_driver.o(.text.PWR_DisableSleepOnExit), (18 bytes).
    Removing stm32f407xx_pwr_driver.o(.ARM.exidx.text.PWR_DisableSleepOnExit), (8 bytes).
    Removing stm32f407xx_pwr_driver.o(.text.PWR_EnableSEVOnPend), (18 bytes).
    Removing stm32f407xx_pwr_driver.o(.ARM.exidx.text.PWR_EnableSEVOnPend), (8 bytes).
    Removing stm32f407xx_pwr_driver.o(.text.PWR_DisableSEVOnPend), (18 bytes).
    Removing stm32f407xx_pwr_driver.o(.ARM.exidx.text.PWR_DisableSEVOnPend), (8 bytes).
    Removing stm32f407xx_rcc_driver.o(.text), (0 bytes).
    Removing stm32f407xx_rcc_driver.o(.text.RCC_OscConfig), (574 bytes).
    Removing stm32f407xx_rcc_driver.o(.ARM.exidx.text.RCC_OscConfig), (8 bytes).
    Removing stm32f407xx_rcc_driver.o(.text.RCC_ClockConfig), (328 bytes).
    Removing stm32f407xx_rcc_driver.o(.ARM.exidx.text.RCC_ClockConfig), (8 bytes).
    Removing stm32f407xx_rcc_driver.o(.text.RCC_GetSysClockFreq), (8 bytes).
    Removing stm32f407xx_rcc_driver.o(.ARM.exidx.text.RCC_GetSysClockFreq), (8 bytes).
    Removing stm32f407xx_rcc_driver.o(.text.RCC_GetPCLK1Value), (234 bytes).
    Removing stm32f407xx_rcc_driver.o(.ARM.exidx.text.RCC_GetPCLK1Value), (8 bytes).
    Removing stm32f407xx_rcc_driver.o(.text.RCC_GetPLLOutputClock), (4 bytes).
    Removing stm32f407xx_rcc_driver.o(.ARM.exidx.text.RCC_GetPLLOutputClock), (8 bytes).
    Removing stm32f407xx_rcc_driver.o(.text.RCC_GetPCLK2Value), (192 bytes).
    Removing stm32f407xx_rcc_driver.o(.ARM.exidx.text.RCC_GetPCLK2Value), (8 bytes).
    Removing stm32f407xx_rcc_driver.o(.text.RCC_GetAPB1Timer), (44 bytes).
    Removing stm32f407xx_rcc_driver.o(.ARM.exidx.text.RCC_GetAPB1Timer), (8 bytes).
    Removing stm32f407xx_rcc_driver.o(.text.RCC_GetAPB2Timer), (44 bytes).
    Removing stm32f407xx_rcc_driver.o(.ARM.exidx.text.RCC_GetAPB2Timer), (8 bytes).
    Removing stm32f407xx_rcc_driver.o(.data.AHB_PreScaler), (16 bytes).
    Removing stm32f407xx_rcc_driver.o(.data.APB1_PreScaler), (4 bytes).
    Removing stm32f407xx_rtc_driver.o(.text), (0 bytes).
    Removing stm32f407xx_spi_driver.o(.text), (0 bytes).
    Removing stm32f407xx_spi_driver.o(.ARM.exidx.text.SPI_PeriClockControl), (8 bytes).
    Removing stm32f407xx_spi_driver.o(.ARM.exidx.text.SPI_Init), (8 bytes).
    Removing stm32f407xx_spi_driver.o(.text.SPI_DeInit), (8 bytes).
    Removing stm32f407xx_spi_driver.o(.ARM.exidx.text.SPI_DeInit), (8 bytes).
    Removing stm32f407xx_spi_driver.o(.ARM.exidx.text.SPI_GetFlagStatus), (8 bytes).
    Removing stm32f407xx_spi_driver.o(.ARM.exidx.text.SPI_SendData), (8 bytes).
    Removing stm32f407xx_spi_driver.o(.text.SPI_ReceiveData), (102 bytes).
    Removing stm32f407xx_spi_driver.o(.ARM.exidx.text.SPI_ReceiveData), (8 bytes).
    Removing stm32f407xx_spi_driver.o(.ARM.exidx.text.SPI_PeripheralControl), (8 bytes).
    Removing stm32f407xx_spi_driver.o(.ARM.exidx.text.SPI_SSIConfig), (8 bytes).
    Removing stm32f407xx_spi_driver.o(.text.SPI_SSOEConfig), (46 bytes).
    Removing stm32f407xx_spi_driver.o(.ARM.exidx.text.SPI_SSOEConfig), (8 bytes).
    Removing stm32f407xx_spi_driver.o(.text.SPI_IRQInterruptConfig), (308 bytes).
    Removing stm32f407xx_spi_driver.o(.ARM.exidx.text.SPI_IRQInterruptConfig), (8 bytes).
    Removing stm32f407xx_spi_driver.o(.text.SPI_IRQPriorityConfig), (78 bytes).
    Removing stm32f407xx_spi_driver.o(.ARM.exidx.text.SPI_IRQPriorityConfig), (8 bytes).
    Removing stm32f407xx_spi_driver.o(.text.SPI_SendDataIT), (66 bytes).
    Removing stm32f407xx_spi_driver.o(.ARM.exidx.text.SPI_SendDataIT), (8 bytes).
    Removing stm32f407xx_spi_driver.o(.text.SPI_ReceiveDataIT), (66 bytes).
    Removing stm32f407xx_spi_driver.o(.ARM.exidx.text.SPI_ReceiveDataIT), (8 bytes).
    Removing stm32f407xx_spi_driver.o(.text.SPI_IRQHandling), (166 bytes).
    Removing stm32f407xx_spi_driver.o(.ARM.exidx.text.SPI_IRQHandling), (8 bytes).
    Removing stm32f407xx_spi_driver.o(.text.spi_txe_interrupt_handle), (112 bytes).
    Removing stm32f407xx_spi_driver.o(.ARM.exidx.text.spi_txe_interrupt_handle), (8 bytes).
    Removing stm32f407xx_spi_driver.o(.text.spi_rxne_interrupt_handle), (116 bytes).
    Removing stm32f407xx_spi_driver.o(.ARM.exidx.text.spi_rxne_interrupt_handle), (8 bytes).
    Removing stm32f407xx_spi_driver.o(.text.spi_ovr_err_interrupt_handle), (50 bytes).
    Removing stm32f407xx_spi_driver.o(.ARM.exidx.text.spi_ovr_err_interrupt_handle), (8 bytes).
    Removing stm32f407xx_spi_driver.o(.text.SPI_CloseTransmisson), (34 bytes).
    Removing stm32f407xx_spi_driver.o(.ARM.exidx.text.SPI_CloseTransmisson), (8 bytes).
    Removing stm32f407xx_spi_driver.o(.text.SPI_CloseReception), (34 bytes).
    Removing stm32f407xx_spi_driver.o(.ARM.exidx.text.SPI_CloseReception), (8 bytes).
    Removing stm32f407xx_spi_driver.o(.text.SPI_ClearOVRFlag), (24 bytes).
    Removing stm32f407xx_spi_driver.o(.ARM.exidx.text.SPI_ClearOVRFlag), (8 bytes).
    Removing stm32f407xx_spi_driver.o(.text.SPI_ApplicationEventCallback), (12 bytes).
    Removing stm32f407xx_spi_driver.o(.ARM.exidx.text.SPI_ApplicationEventCallback), (8 bytes).
    Removing stm32f407xx_timer_driver.o(.text), (0 bytes).
    Removing stm32f407xx_timer_driver.o(.text.TIM_Base_Init), (40 bytes).
    Removing stm32f407xx_timer_driver.o(.ARM.exidx.text.TIM_Base_Init), (8 bytes).
    Removing stm32f407xx_timer_driver.o(.text.TIM_Base_Start), (18 bytes).
    Removing stm32f407xx_timer_driver.o(.ARM.exidx.text.TIM_Base_Start), (8 bytes).
    Removing stm32f407xx_timer_driver.o(.text.TIM_PeriControl), (46 bytes).
    Removing stm32f407xx_timer_driver.o(.ARM.exidx.text.TIM_PeriControl), (8 bytes).
    Removing stm32f407xx_timer_driver.o(.text.TIM_Base_Stop), (18 bytes).
    Removing stm32f407xx_timer_driver.o(.ARM.exidx.text.TIM_Base_Stop), (8 bytes).
    Removing stm32f407xx_timer_driver.o(.text.TIM_GetFlag), (26 bytes).
    Removing stm32f407xx_timer_driver.o(.ARM.exidx.text.TIM_GetFlag), (8 bytes).
    Removing stm32f407xx_uart_driver.o(.text), (0 bytes).
    Removing stm32f407xx_uart_driver.o(.text.USART_SetBaudRate), (234 bytes).
    Removing stm32f407xx_uart_driver.o(.ARM.exidx.text.USART_SetBaudRate), (8 bytes).
    Removing stm32f407xx_uart_driver.o(.text.USART_Init), (272 bytes).
    Removing stm32f407xx_uart_driver.o(.ARM.exidx.text.USART_Init), (8 bytes).
    Removing stm32f407xx_uart_driver.o(.text.USART_PeriClockControl), (168 bytes).
    Removing stm32f407xx_uart_driver.o(.ARM.exidx.text.USART_PeriClockControl), (8 bytes).
    Removing stm32f407xx_uart_driver.o(.text.USART_PeripheralControl), (46 bytes).
    Removing stm32f407xx_uart_driver.o(.ARM.exidx.text.USART_PeripheralControl), (8 bytes).
    Removing stm32f407xx_uart_driver.o(.text.USART_GetFlagStatus), (46 bytes).
    Removing stm32f407xx_uart_driver.o(.ARM.exidx.text.USART_GetFlagStatus), (8 bytes).
    Removing stm32f407xx_uart_driver.o(.text.USART_SendData), (154 bytes).
    Removing stm32f407xx_uart_driver.o(.ARM.exidx.text.USART_SendData), (8 bytes).
    Removing stm32f407xx_uart_driver.o(.text.USART_ReceiveData), (168 bytes).
    Removing stm32f407xx_uart_driver.o(.ARM.exidx.text.USART_ReceiveData), (8 bytes).
    Removing stm32f407xx_uart_driver.o(.text.USART_SendDataIT), (82 bytes).
    Removing stm32f407xx_uart_driver.o(.ARM.exidx.text.USART_SendDataIT), (8 bytes).
    Removing stm32f407xx_uart_driver.o(.text.USART_ReceiveDataIT), (76 bytes).
    Removing stm32f407xx_uart_driver.o(.ARM.exidx.text.USART_ReceiveDataIT), (8 bytes).
    Removing stm32f407xx_uart_driver.o(.text.USART_ClearFlag), (24 bytes).
    Removing stm32f407xx_uart_driver.o(.ARM.exidx.text.USART_ClearFlag), (8 bytes).
    Removing stm32f407xx_uart_driver.o(.text.USART_IRQInterruptConfig), (308 bytes).
    Removing stm32f407xx_uart_driver.o(.ARM.exidx.text.USART_IRQInterruptConfig), (8 bytes).
    Removing stm32f407xx_uart_driver.o(.text.USART_IRQPriorityConfig), (78 bytes).
    Removing stm32f407xx_uart_driver.o(.ARM.exidx.text.USART_IRQPriorityConfig), (8 bytes).
    Removing stm32f407xx_uart_driver.o(.text.USART_IRQHandling), (832 bytes).
    Removing stm32f407xx_uart_driver.o(.ARM.exidx.text.USART_IRQHandling), (8 bytes).
    Removing stm32f407xx_uart_driver.o(.text.USART_ApplicationEventCallback), (12 bytes).
    Removing stm32f407xx_uart_driver.o(.ARM.exidx.text.USART_ApplicationEventCallback), (8 bytes).
    Removing stm32f407xx_wwdg_driver.o(.text), (0 bytes).
    Removing stm32f407xx_wwdg_driver.o(.text.WWDG_EnableWatchdog), (18 bytes).
    Removing stm32f407xx_wwdg_driver.o(.ARM.exidx.text.WWDG_EnableWatchdog), (8 bytes).
    Removing stm32f407xx_wwdg_driver.o(.text.WWDG_Active), (8 bytes).
    Removing stm32f407xx_wwdg_driver.o(.ARM.exidx.text.WWDG_Active), (8 bytes).
    Removing 001_hse_hsi_configure.o(.text), (0 bytes).
    Removing system_stm32f4xx.o(.text), (0 bytes).
    Removing system_stm32f4xx.o(.ARM.exidx.text.SystemInit), (8 bytes).
    Removing system_stm32f4xx.o(.text.SystemCoreClockUpdate), (302 bytes).
    Removing system_stm32f4xx.o(.ARM.exidx.text.SystemCoreClockUpdate), (8 bytes).
    Removing system_stm32f4xx.o(.data.SystemCoreClock), (4 bytes).
    Removing system_stm32f4xx.o(.rodata.AHBPrescTable), (16 bytes).
    Removing system_stm32f4xx.o(.rodata.APBPrescTable), (8 bytes).

240 unused section(s) (total 11848 bytes) removed from the image.

==============================================================================

Image Symbol Table

    Local Symbols

    Symbol Name                              Value     Ov Type        Size  Object(Section)

    ../clib/angel/boardlib.s                 0x00000000   Number         0  boardinit1.o ABSOLUTE
    ../clib/angel/boardlib.s                 0x00000000   Number         0  boardinit2.o ABSOLUTE
    ../clib/angel/boardlib.s                 0x00000000   Number         0  boardinit3.o ABSOLUTE
    ../clib/angel/boardlib.s                 0x00000000   Number         0  boardshut.o ABSOLUTE
    ../clib/angel/handlers.s                 0x00000000   Number         0  __scatter_zi.o ABSOLUTE
    ../clib/angel/kernel.s                   0x00000000   Number         0  __rtentry.o ABSOLUTE
    ../clib/angel/kernel.s                   0x00000000   Number         0  __rtentry2.o ABSOLUTE
    ../clib/angel/kernel.s                   0x00000000   Number         0  __rtentry4.o ABSOLUTE
    ../clib/angel/kernel.s                   0x00000000   Number         0  rtexit.o ABSOLUTE
    ../clib/angel/kernel.s                   0x00000000   Number         0  rtexit2.o ABSOLUTE
    ../clib/angel/rt.s                       0x00000000   Number         0  rt_raise.o ABSOLUTE
    ../clib/angel/scatter.s                  0x00000000   Number         0  __scatter.o ABSOLUTE
    ../clib/angel/startup.s                  0x00000000   Number         0  __main.o ABSOLUTE
    ../clib/angel/sys.s                      0x00000000   Number         0  sys_stackheap_outer.o ABSOLUTE
    ../clib/angel/sys.s                      0x00000000   Number         0  libspace.o ABSOLUTE
    ../clib/angel/sys.s                      0x00000000   Number         0  use_no_semi.o ABSOLUTE
    ../clib/angel/sys.s                      0x00000000   Number         0  indicate_semi.o ABSOLUTE
    ../clib/angel/sysapp.c                   0x00000000   Number         0  sys_exit.o ABSOLUTE
    ../clib/angel/sysapp.c                   0x00000000   Number         0  sys_exit_hlt.o ABSOLUTE
    ../clib/angel/sysapp.c                   0x00000000   Number         0  sys_command.o ABSOLUTE
    ../clib/angel/sysapp.c                   0x00000000   Number         0  sys_command_hlt.o ABSOLUTE
    ../clib/angel/sysapp.c                   0x00000000   Number         0  sys_wrch.o ABSOLUTE
    ../clib/angel/sysapp.c                   0x00000000   Number         0  sys_wrch_hlt.o ABSOLUTE
    ../clib/armsys.c                         0x00000000   Number         0  argv_veneer.o ABSOLUTE
    ../clib/armsys.c                         0x00000000   Number         0  argv_veneer.o ABSOLUTE
    ../clib/armsys.c                         0x00000000   Number         0  _get_argv_nomalloc.o ABSOLUTE
    ../clib/armsys.c                         0x00000000   Number         0  no_argv.o ABSOLUTE
    ../clib/heapalloc.c                      0x00000000   Number         0  hrguard.o ABSOLUTE
    ../clib/heapaux.c                        0x00000000   Number         0  heapauxi.o ABSOLUTE
    ../clib/libinit.s                        0x00000000   Number         0  libinit.o ABSOLUTE
    ../clib/libinit.s                        0x00000000   Number         0  libinit2.o ABSOLUTE
    ../clib/libinit.s                        0x00000000   Number         0  libshutdown.o ABSOLUTE
    ../clib/libinit.s                        0x00000000   Number         0  libshutdown2.o ABSOLUTE
    ../clib/signal.c                         0x00000000   Number         0  defsig_rtmem_outer.o ABSOLUTE
    ../clib/signal.c                         0x00000000   Number         0  defsig_rtmem_formal.o ABSOLUTE
    ../clib/signal.c                         0x00000000   Number         0  defsig_exit.o ABSOLUTE
    ../clib/signal.c                         0x00000000   Number         0  defsig_rtmem_inner.o ABSOLUTE
    ../clib/signal.c                         0x00000000   Number         0  __raise.o ABSOLUTE
    ../clib/signal.c                         0x00000000   Number         0  defsig_general.o ABSOLUTE
    ../clib/signal.c                         0x00000000   Number         0  defsig_abrt_inner.o ABSOLUTE
    ../clib/signal.c                         0x00000000   Number         0  defsig_fpe_inner.o ABSOLUTE
    ../clib/signal.c                         0x00000000   Number         0  defsig_rtred_inner.o ABSOLUTE
    ../clib/signal.c                         0x00000000   Number         0  defsig_stak_inner.o ABSOLUTE
    ../clib/signal.c                         0x00000000   Number         0  defsig_pvfn_inner.o ABSOLUTE
    ../clib/signal.c                         0x00000000   Number         0  defsig_cppl_inner.o ABSOLUTE
    ../clib/signal.c                         0x00000000   Number         0  defsig_segv_inner.o ABSOLUTE
    ../clib/signal.c                         0x00000000   Number         0  defsig_other.o ABSOLUTE
    ../clib/signal.s                         0x00000000   Number         0  defsig.o ABSOLUTE
    ../clib/stdlib.c                         0x00000000   Number         0  exit.o ABSOLUTE
    ../clib/string.c                         0x00000000   Number         0  strlen.o ABSOLUTE
    ../fplib/fpinit.s                        0x00000000   Number         0  fpinit.o ABSOLUTE
    001_HSE_HSI_Configure.c                  0x00000000   Number         0  001_hse_hsi_configure.o ABSOLUTE
    CortexM4.c                               0x00000000   Number         0  cortexm4.o ABSOLUTE
    RTE/Device/STM32F407VGTx/startup_stm32f407xx.s 0x00000000   Number         0  startup_stm32f407xx.o ABSOLUTE
    dc.s                                     0x00000000   Number         0  dc.o ABSOLUTE
    main.c                                   0x00000000   Number         0  main.o ABSOLUTE
    stm32f407xx_adc_driver.c                 0x00000000   Number         0  stm32f407xx_adc_driver.o ABSOLUTE
    stm32f407xx_bxcan_driver.c               0x00000000   Number         0  stm32f407xx_bxcan_driver.o ABSOLUTE
    stm32f407xx_dma_driver.c                 0x00000000   Number         0  stm32f407xx_dma_driver.o ABSOLUTE
    stm32f407xx_exti_driver.c                0x00000000   Number         0  stm32f407xx_exti_driver.o ABSOLUTE
    stm32f407xx_flash_driver.c               0x00000000   Number         0  stm32f407xx_flash_driver.o ABSOLUTE
    stm32f407xx_gpio_driver.c                0x00000000   Number         0  stm32f407xx_gpio_driver.o ABSOLUTE
    stm32f407xx_i2c_driver.c                 0x00000000   Number         0  stm32f407xx_i2c_driver.o ABSOLUTE
    stm32f407xx_iwdg_driver.c                0x00000000   Number         0  stm32f407xx_iwdg_driver.o ABSOLUTE
    stm32f407xx_pwr_driver.c                 0x00000000   Number         0  stm32f407xx_pwr_driver.o ABSOLUTE
    stm32f407xx_rcc_driver.c                 0x00000000   Number         0  stm32f407xx_rcc_driver.o ABSOLUTE
    stm32f407xx_rtc_driver.c                 0x00000000   Number         0  stm32f407xx_rtc_driver.o ABSOLUTE
    stm32f407xx_spi_driver.c                 0x00000000   Number         0  stm32f407xx_spi_driver.o ABSOLUTE
    stm32f407xx_timer_driver.c               0x00000000   Number         0  stm32f407xx_timer_driver.o ABSOLUTE
    stm32f407xx_uart_driver.c                0x00000000   Number         0  stm32f407xx_uart_driver.o ABSOLUTE
    stm32f407xx_wwdg_driver.c                0x00000000   Number         0  stm32f407xx_wwdg_driver.o ABSOLUTE
    system_stm32f4xx.c                       0x00000000   Number         0  system_stm32f4xx.o ABSOLUTE
    RESET                                    0x08000000   Section      392  startup_stm32f407xx.o(RESET)
    !!!main                                  0x08000188   Section        8  __main.o(!!!main)
    !!!scatter                               0x08000190   Section       92  __scatter.o(!!!scatter)
    !!handler_null                           0x080001ec   Section        2  __scatter.o(!!handler_null)
    !!handler_zi                             0x080001f0   Section       28  __scatter_zi.o(!!handler_zi)
    .ARM.Collect$$libinit$$00000000          0x0800020c   Section        2  libinit.o(.ARM.Collect$$libinit$$00000000)
    .ARM.Collect$$libinit$$00000001          0x0800020e   Section        4  libinit2.o(.ARM.Collect$$libinit$$00000001)
    .ARM.Collect$$libinit$$00000004          0x08000212   Section        0  libinit2.o(.ARM.Collect$$libinit$$00000004)
    .ARM.Collect$$libinit$$00000006          0x08000212   Section        0  libinit2.o(.ARM.Collect$$libinit$$00000006)
    .ARM.Collect$$libinit$$0000000C          0x08000212   Section        0  libinit2.o(.ARM.Collect$$libinit$$0000000C)
    .ARM.Collect$$libinit$$0000000E          0x08000212   Section        0  libinit2.o(.ARM.Collect$$libinit$$0000000E)
    .ARM.Collect$$libinit$$00000010          0x08000212   Section        0  libinit2.o(.ARM.Collect$$libinit$$00000010)
    .ARM.Collect$$libinit$$00000013          0x08000212   Section        0  libinit2.o(.ARM.Collect$$libinit$$00000013)
    .ARM.Collect$$libinit$$00000015          0x08000212   Section        0  libinit2.o(.ARM.Collect$$libinit$$00000015)
    .ARM.Collect$$libinit$$00000017          0x08000212   Section        0  libinit2.o(.ARM.Collect$$libinit$$00000017)
    .ARM.Collect$$libinit$$00000019          0x08000212   Section        0  libinit2.o(.ARM.Collect$$libinit$$00000019)
    .ARM.Collect$$libinit$$0000001B          0x08000212   Section        0  libinit2.o(.ARM.Collect$$libinit$$0000001B)
    .ARM.Collect$$libinit$$0000001D          0x08000212   Section        0  libinit2.o(.ARM.Collect$$libinit$$0000001D)
    .ARM.Collect$$libinit$$0000001F          0x08000212   Section        0  libinit2.o(.ARM.Collect$$libinit$$0000001F)
    .ARM.Collect$$libinit$$00000021          0x08000212   Section        0  libinit2.o(.ARM.Collect$$libinit$$00000021)
    .ARM.Collect$$libinit$$00000023          0x08000212   Section        0  libinit2.o(.ARM.Collect$$libinit$$00000023)
    .ARM.Collect$$libinit$$00000025          0x08000212   Section        0  libinit2.o(.ARM.Collect$$libinit$$00000025)
    .ARM.Collect$$libinit$$00000027          0x08000212   Section        0  libinit2.o(.ARM.Collect$$libinit$$00000027)
    .ARM.Collect$$libinit$$0000002E          0x08000212   Section        0  libinit2.o(.ARM.Collect$$libinit$$0000002E)
    .ARM.Collect$$libinit$$00000030          0x08000212   Section        0  libinit2.o(.ARM.Collect$$libinit$$00000030)
    .ARM.Collect$$libinit$$00000032          0x08000212   Section        0  libinit2.o(.ARM.Collect$$libinit$$00000032)
    .ARM.Collect$$libinit$$00000034          0x08000212   Section        0  libinit2.o(.ARM.Collect$$libinit$$00000034)
    .ARM.Collect$$libinit$$00000035          0x08000212   Section        2  libinit2.o(.ARM.Collect$$libinit$$00000035)
    .ARM.Collect$$libshutdown$$00000000      0x08000214   Section        2  libshutdown.o(.ARM.Collect$$libshutdown$$00000000)
    .ARM.Collect$$libshutdown$$00000002      0x08000216   Section        0  libshutdown2.o(.ARM.Collect$$libshutdown$$00000002)
    .ARM.Collect$$libshutdown$$00000004      0x08000216   Section        0  libshutdown2.o(.ARM.Collect$$libshutdown$$00000004)
    .ARM.Collect$$libshutdown$$00000007      0x08000216   Section        0  libshutdown2.o(.ARM.Collect$$libshutdown$$00000007)
    .ARM.Collect$$libshutdown$$0000000A      0x08000216   Section        0  libshutdown2.o(.ARM.Collect$$libshutdown$$0000000A)
    .ARM.Collect$$libshutdown$$0000000C      0x08000216   Section        0  libshutdown2.o(.ARM.Collect$$libshutdown$$0000000C)
    .ARM.Collect$$libshutdown$$0000000F      0x08000216   Section        0  libshutdown2.o(.ARM.Collect$$libshutdown$$0000000F)
    .ARM.Collect$$libshutdown$$00000010      0x08000216   Section        2  libshutdown2.o(.ARM.Collect$$libshutdown$$00000010)
    .ARM.Collect$$rtentry$$00000000          0x08000218   Section        0  __rtentry.o(.ARM.Collect$$rtentry$$00000000)
    .ARM.Collect$$rtentry$$00000002          0x08000218   Section        0  __rtentry2.o(.ARM.Collect$$rtentry$$00000002)
    .ARM.Collect$$rtentry$$00000004          0x08000218   Section        6  __rtentry4.o(.ARM.Collect$$rtentry$$00000004)
    .ARM.Collect$$rtentry$$00000009          0x0800021e   Section        0  __rtentry2.o(.ARM.Collect$$rtentry$$00000009)
    .ARM.Collect$$rtentry$$0000000A          0x0800021e   Section        4  __rtentry2.o(.ARM.Collect$$rtentry$$0000000A)
    .ARM.Collect$$rtentry$$0000000C          0x08000222   Section        0  __rtentry2.o(.ARM.Collect$$rtentry$$0000000C)
    .ARM.Collect$$rtentry$$0000000D          0x08000222   Section        8  __rtentry2.o(.ARM.Collect$$rtentry$$0000000D)
    .ARM.Collect$$rtexit$$00000000           0x0800022a   Section        2  rtexit.o(.ARM.Collect$$rtexit$$00000000)
    .ARM.Collect$$rtexit$$00000002           0x0800022c   Section        0  rtexit2.o(.ARM.Collect$$rtexit$$00000002)
    .ARM.Collect$$rtexit$$00000003           0x0800022c   Section        4  rtexit2.o(.ARM.Collect$$rtexit$$00000003)
    .ARM.Collect$$rtexit$$00000004           0x08000230   Section        6  rtexit2.o(.ARM.Collect$$rtexit$$00000004)
    $v0                                      0x08000238   Number         0  startup_stm32f407xx.o(.text)
    .text                                    0x08000238   Section       64  startup_stm32f407xx.o(.text)
    .text                                    0x08000278   Section        0  strlen.o(.text)
    .text                                    0x080002b6   Section        0  heapauxi.o(.text)
    .text                                    0x080002bc   Section       74  sys_stackheap_outer.o(.text)
    .text                                    0x08000306   Section        0  exit.o(.text)
    .text                                    0x08000318   Section        8  libspace.o(.text)
    .text                                    0x08000320   Section        0  sys_exit.o(.text)
    .text                                    0x0800032c   Section        2  use_no_semi.o(.text)
    .text                                    0x0800032e   Section        0  indicate_semi.o(.text)
    [Anonymous Symbol]                       0x08000330   Section        0  stm32f407xx_gpio_driver.o(.text.GPIO_Init)
    [Anonymous Symbol]                       0x08000674   Section        0  stm32f407xx_gpio_driver.o(.text.GPIO_PeriClockControl)
    [Anonymous Symbol]                       0x080007d0   Section        0  main.o(.text.SPI2_GPIOInits)
    [Anonymous Symbol]                       0x08000818   Section        0  main.o(.text.SPI2_Inits)
    [Anonymous Symbol]                       0x08000850   Section        0  stm32f407xx_spi_driver.o(.text.SPI_GetFlagStatus)
    [Anonymous Symbol]                       0x0800087c   Section        0  stm32f407xx_spi_driver.o(.text.SPI_Init)
    [Anonymous Symbol]                       0x0800092c   Section        0  stm32f407xx_spi_driver.o(.text.SPI_PeriClockControl)
    [Anonymous Symbol]                       0x080009b0   Section        0  stm32f407xx_spi_driver.o(.text.SPI_PeripheralControl)
    [Anonymous Symbol]                       0x080009e0   Section        0  stm32f407xx_spi_driver.o(.text.SPI_SSIConfig)
    [Anonymous Symbol]                       0x08000a10   Section        0  stm32f407xx_spi_driver.o(.text.SPI_SendData)
    [Anonymous Symbol]                       0x08000a78   Section        0  system_stm32f4xx.o(.text.SystemInit)
    [Anonymous Symbol]                       0x08000a8c   Section        0  main.o(.text.main)
    $v0                                      0x08000b20   Number         0  fpinit.o(x$fpl$fpinit)
    x$fpl$fpinit                             0x08000b20   Section       26  fpinit.o(x$fpl$fpinit)
    .bss                                     0x20000000   Section       96  libspace.o(.bss)
    Heap_Mem                                 0x20000060   Data         512  startup_stm32f407xx.o(HEAP)
    HEAP                                     0x20000060   Section      512  startup_stm32f407xx.o(HEAP)
    Stack_Mem                                0x20000260   Data        1024  startup_stm32f407xx.o(STACK)
    STACK                                    0x20000260   Section     1024  startup_stm32f407xx.o(STACK)
    __initial_sp                             0x20000660   Data           0  startup_stm32f407xx.o(STACK)

    Global Symbols

    Symbol Name                              Value     Ov Type        Size  Object(Section)

    BuildAttributes$$THM_ISAv4$E$P$D$K$B$S$7EM$VFPi3$EXTD16$VFPS$VFMA$PE$A:L22UL41UL21$X:L11$S22US41US21$IEEE1$IW$~IW$USESV6$~STKCKD$USESV7$~SHL$OSPACE$ROPI$EBA8$UX$STANDARDLIB$REQ8$PRES8$EABIv2 0x00000000   Number         0  anon$$obj.o ABSOLUTE
    __ARM_exceptions_init                     - Undefined Weak Reference
    __alloca_initialize                       - Undefined Weak Reference
    __arm_preinit_                            - Undefined Weak Reference
    __arm_relocate_pie_                       - Undefined Weak Reference
    __cpp_initialize__aeabi_                  - Undefined Weak Reference
    __cxa_finalize                            - Undefined Weak Reference
    __rt_locale                               - Undefined Weak Reference
    __sigvec_lookup                           - Undefined Weak Reference
    _atexit_init                              - Undefined Weak Reference
    _call_atexit_fns                          - Undefined Weak Reference
    _clock_init                               - Undefined Weak Reference
    _fp_trap_init                             - Undefined Weak Reference
    _fp_trap_shutdown                         - Undefined Weak Reference
    _get_lc_collate                           - Undefined Weak Reference
    _get_lc_ctype                             - Undefined Weak Reference
    _get_lc_monetary                          - Undefined Weak Reference
    _get_lc_numeric                           - Undefined Weak Reference
    _get_lc_time                              - Undefined Weak Reference
    _getenv_init                              - Undefined Weak Reference
    _handle_redirection                       - Undefined Weak Reference
    _init_alloc                               - Undefined Weak Reference
    _init_user_alloc                          - Undefined Weak Reference
    _initio                                   - Undefined Weak Reference
    _rand_init                                - Undefined Weak Reference
    _signal_finish                            - Undefined Weak Reference
    _signal_init                              - Undefined Weak Reference
    _terminate_alloc                          - Undefined Weak Reference
    _terminate_user_alloc                     - Undefined Weak Reference
    _terminateio                              - Undefined Weak Reference
    __Vectors_Size                           0x00000188   Number         0  startup_stm32f407xx.o ABSOLUTE
    __Vectors                                0x08000000   Data           4  startup_stm32f407xx.o(RESET)
    __Vectors_End                            0x08000188   Data           0  startup_stm32f407xx.o(RESET)
    __main                                   0x08000189   Thumb Code     8  __main.o(!!!main)
    __scatterload                            0x08000191   Thumb Code     0  __scatter.o(!!!scatter)
    __scatterload_rt2                        0x08000191   Thumb Code    84  __scatter.o(!!!scatter)
    __scatterload_rt2_thumb_only             0x08000191   Thumb Code     0  __scatter.o(!!!scatter)
    __scatterload_loop                       0x0800019b   Thumb Code     0  __scatter.o(!!!scatter)
    __scatterload_null                       0x080001ed   Thumb Code     2  __scatter.o(!!handler_null)
    __scatterload_zeroinit                   0x080001f1   Thumb Code    28  __scatter_zi.o(!!handler_zi)
    __rt_lib_init                            0x0800020d   Thumb Code     0  libinit.o(.ARM.Collect$$libinit$$00000000)
    __rt_lib_init_fp_1                       0x0800020f   Thumb Code     0  libinit2.o(.ARM.Collect$$libinit$$00000001)
    __rt_lib_init_alloca_1                   0x08000213   Thumb Code     0  libinit2.o(.ARM.Collect$$libinit$$00000030)
    __rt_lib_init_argv_1                     0x08000213   Thumb Code     0  libinit2.o(.ARM.Collect$$libinit$$0000002E)
    __rt_lib_init_atexit_1                   0x08000213   Thumb Code     0  libinit2.o(.ARM.Collect$$libinit$$0000001D)
    __rt_lib_init_clock_1                    0x08000213   Thumb Code     0  libinit2.o(.ARM.Collect$$libinit$$00000023)
    __rt_lib_init_cpp_1                      0x08000213   Thumb Code     0  libinit2.o(.ARM.Collect$$libinit$$00000034)
    __rt_lib_init_exceptions_1               0x08000213   Thumb Code     0  libinit2.o(.ARM.Collect$$libinit$$00000032)
    __rt_lib_init_fp_trap_1                  0x08000213   Thumb Code     0  libinit2.o(.ARM.Collect$$libinit$$00000021)
    __rt_lib_init_getenv_1                   0x08000213   Thumb Code     0  libinit2.o(.ARM.Collect$$libinit$$00000025)
    __rt_lib_init_heap_1                     0x08000213   Thumb Code     0  libinit2.o(.ARM.Collect$$libinit$$0000000C)
    __rt_lib_init_lc_collate_1               0x08000213   Thumb Code     0  libinit2.o(.ARM.Collect$$libinit$$00000013)
    __rt_lib_init_lc_ctype_1                 0x08000213   Thumb Code     0  libinit2.o(.ARM.Collect$$libinit$$00000015)
    __rt_lib_init_lc_monetary_1              0x08000213   Thumb Code     0  libinit2.o(.ARM.Collect$$libinit$$00000017)
    __rt_lib_init_lc_numeric_1               0x08000213   Thumb Code     0  libinit2.o(.ARM.Collect$$libinit$$00000019)
    __rt_lib_init_lc_time_1                  0x08000213   Thumb Code     0  libinit2.o(.ARM.Collect$$libinit$$0000001B)
    __rt_lib_init_preinit_1                  0x08000213   Thumb Code     0  libinit2.o(.ARM.Collect$$libinit$$00000006)
    __rt_lib_init_rand_1                     0x08000213   Thumb Code     0  libinit2.o(.ARM.Collect$$libinit$$00000010)
    __rt_lib_init_relocate_pie_1             0x08000213   Thumb Code     0  libinit2.o(.ARM.Collect$$libinit$$00000004)
    __rt_lib_init_return                     0x08000213   Thumb Code     0  libinit2.o(.ARM.Collect$$libinit$$00000035)
    __rt_lib_init_signal_1                   0x08000213   Thumb Code     0  libinit2.o(.ARM.Collect$$libinit$$0000001F)
    __rt_lib_init_stdio_1                    0x08000213   Thumb Code     0  libinit2.o(.ARM.Collect$$libinit$$00000027)
    __rt_lib_init_user_alloc_1               0x08000213   Thumb Code     0  libinit2.o(.ARM.Collect$$libinit$$0000000E)
    __rt_lib_shutdown                        0x08000215   Thumb Code     0  libshutdown.o(.ARM.Collect$$libshutdown$$00000000)
    __rt_lib_shutdown_cpp_1                  0x08000217   Thumb Code     0  libshutdown2.o(.ARM.Collect$$libshutdown$$00000002)
    __rt_lib_shutdown_fp_trap_1              0x08000217   Thumb Code     0  libshutdown2.o(.ARM.Collect$$libshutdown$$00000007)
    __rt_lib_shutdown_heap_1                 0x08000217   Thumb Code     0  libshutdown2.o(.ARM.Collect$$libshutdown$$0000000F)
    __rt_lib_shutdown_return                 0x08000217   Thumb Code     0  libshutdown2.o(.ARM.Collect$$libshutdown$$00000010)
    __rt_lib_shutdown_signal_1               0x08000217   Thumb Code     0  libshutdown2.o(.ARM.Collect$$libshutdown$$0000000A)
    __rt_lib_shutdown_stdio_1                0x08000217   Thumb Code     0  libshutdown2.o(.ARM.Collect$$libshutdown$$00000004)
    __rt_lib_shutdown_user_alloc_1           0x08000217   Thumb Code     0  libshutdown2.o(.ARM.Collect$$libshutdown$$0000000C)
    __rt_entry                               0x08000219   Thumb Code     0  __rtentry.o(.ARM.Collect$$rtentry$$00000000)
    __rt_entry_presh_1                       0x08000219   Thumb Code     0  __rtentry2.o(.ARM.Collect$$rtentry$$00000002)
    __rt_entry_sh                            0x08000219   Thumb Code     0  __rtentry4.o(.ARM.Collect$$rtentry$$00000004)
    __rt_entry_li                            0x0800021f   Thumb Code     0  __rtentry2.o(.ARM.Collect$$rtentry$$0000000A)
    __rt_entry_postsh_1                      0x0800021f   Thumb Code     0  __rtentry2.o(.ARM.Collect$$rtentry$$00000009)
    __rt_entry_main                          0x08000223   Thumb Code     0  __rtentry2.o(.ARM.Collect$$rtentry$$0000000D)
    __rt_entry_postli_1                      0x08000223   Thumb Code     0  __rtentry2.o(.ARM.Collect$$rtentry$$0000000C)
    __rt_exit                                0x0800022b   Thumb Code     0  rtexit.o(.ARM.Collect$$rtexit$$00000000)
    __rt_exit_ls                             0x0800022d   Thumb Code     0  rtexit2.o(.ARM.Collect$$rtexit$$00000003)
    __rt_exit_prels_1                        0x0800022d   Thumb Code     0  rtexit2.o(.ARM.Collect$$rtexit$$00000002)
    __rt_exit_exit                           0x08000231   Thumb Code     0  rtexit2.o(.ARM.Collect$$rtexit$$00000004)
    Reset_Handler                            0x08000239   Thumb Code     8  startup_stm32f407xx.o(.text)
    NMI_Handler                              0x08000241   Thumb Code     2  startup_stm32f407xx.o(.text)
    HardFault_Handler                        0x08000243   Thumb Code     2  startup_stm32f407xx.o(.text)
    MemManage_Handler                        0x08000245   Thumb Code     2  startup_stm32f407xx.o(.text)
    BusFault_Handler                         0x08000247   Thumb Code     2  startup_stm32f407xx.o(.text)
    UsageFault_Handler                       0x08000249   Thumb Code     2  startup_stm32f407xx.o(.text)
    SVC_Handler                              0x0800024b   Thumb Code     2  startup_stm32f407xx.o(.text)
    DebugMon_Handler                         0x0800024d   Thumb Code     2  startup_stm32f407xx.o(.text)
    PendSV_Handler                           0x0800024f   Thumb Code     2  startup_stm32f407xx.o(.text)
    SysTick_Handler                          0x08000251   Thumb Code     2  startup_stm32f407xx.o(.text)
    ADC_IRQHandler                           0x08000253   Thumb Code     0  startup_stm32f407xx.o(.text)
    CAN1_RX0_IRQHandler                      0x08000253   Thumb Code     0  startup_stm32f407xx.o(.text)
    CAN1_RX1_IRQHandler                      0x08000253   Thumb Code     0  startup_stm32f407xx.o(.text)
    CAN1_SCE_IRQHandler                      0x08000253   Thumb Code     0  startup_stm32f407xx.o(.text)
    CAN1_TX_IRQHandler                       0x08000253   Thumb Code     0  startup_stm32f407xx.o(.text)
    CAN2_RX0_IRQHandler                      0x08000253   Thumb Code     0  startup_stm32f407xx.o(.text)
    CAN2_RX1_IRQHandler                      0x08000253   Thumb Code     0  startup_stm32f407xx.o(.text)
    CAN2_SCE_IRQHandler                      0x08000253   Thumb Code     0  startup_stm32f407xx.o(.text)
    CAN2_TX_IRQHandler                       0x08000253   Thumb Code     0  startup_stm32f407xx.o(.text)
    DCMI_IRQHandler                          0x08000253   Thumb Code     0  startup_stm32f407xx.o(.text)
    DMA1_Stream0_IRQHandler                  0x08000253   Thumb Code     0  startup_stm32f407xx.o(.text)
    DMA1_Stream1_IRQHandler                  0x08000253   Thumb Code     0  startup_stm32f407xx.o(.text)
    DMA1_Stream2_IRQHandler                  0x08000253   Thumb Code     0  startup_stm32f407xx.o(.text)
    DMA1_Stream3_IRQHandler                  0x08000253   Thumb Code     0  startup_stm32f407xx.o(.text)
    DMA1_Stream4_IRQHandler                  0x08000253   Thumb Code     0  startup_stm32f407xx.o(.text)
    DMA1_Stream5_IRQHandler                  0x08000253   Thumb Code     0  startup_stm32f407xx.o(.text)
    DMA1_Stream6_IRQHandler                  0x08000253   Thumb Code     0  startup_stm32f407xx.o(.text)
    DMA1_Stream7_IRQHandler                  0x08000253   Thumb Code     0  startup_stm32f407xx.o(.text)
    DMA2_Stream0_IRQHandler                  0x08000253   Thumb Code     0  startup_stm32f407xx.o(.text)
    DMA2_Stream1_IRQHandler                  0x08000253   Thumb Code     0  startup_stm32f407xx.o(.text)
    DMA2_Stream2_IRQHandler                  0x08000253   Thumb Code     0  startup_stm32f407xx.o(.text)
    DMA2_Stream3_IRQHandler                  0x08000253   Thumb Code     0  startup_stm32f407xx.o(.text)
    DMA2_Stream4_IRQHandler                  0x08000253   Thumb Code     0  startup_stm32f407xx.o(.text)
    DMA2_Stream5_IRQHandler                  0x08000253   Thumb Code     0  startup_stm32f407xx.o(.text)
    DMA2_Stream6_IRQHandler                  0x08000253   Thumb Code     0  startup_stm32f407xx.o(.text)
    DMA2_Stream7_IRQHandler                  0x08000253   Thumb Code     0  startup_stm32f407xx.o(.text)
    ETH_IRQHandler                           0x08000253   Thumb Code     0  startup_stm32f407xx.o(.text)
    ETH_WKUP_IRQHandler                      0x08000253   Thumb Code     0  startup_stm32f407xx.o(.text)
    EXTI0_IRQHandler                         0x08000253   Thumb Code     0  startup_stm32f407xx.o(.text)
    EXTI15_10_IRQHandler                     0x08000253   Thumb Code     0  startup_stm32f407xx.o(.text)
    EXTI1_IRQHandler                         0x08000253   Thumb Code     0  startup_stm32f407xx.o(.text)
    EXTI2_IRQHandler                         0x08000253   Thumb Code     0  startup_stm32f407xx.o(.text)
    EXTI3_IRQHandler                         0x08000253   Thumb Code     0  startup_stm32f407xx.o(.text)
    EXTI4_IRQHandler                         0x08000253   Thumb Code     0  startup_stm32f407xx.o(.text)
    EXTI9_5_IRQHandler                       0x08000253   Thumb Code     0  startup_stm32f407xx.o(.text)
    FLASH_IRQHandler                         0x08000253   Thumb Code     0  startup_stm32f407xx.o(.text)
    FMC_IRQHandler                           0x08000253   Thumb Code     0  startup_stm32f407xx.o(.text)
    FPU_IRQHandler                           0x08000253   Thumb Code     0  startup_stm32f407xx.o(.text)
    HASH_RNG_IRQHandler                      0x08000253   Thumb Code     0  startup_stm32f407xx.o(.text)
    I2C1_ER_IRQHandler                       0x08000253   Thumb Code     0  startup_stm32f407xx.o(.text)
    I2C1_EV_IRQHandler                       0x08000253   Thumb Code     0  startup_stm32f407xx.o(.text)
    I2C2_ER_IRQHandler                       0x08000253   Thumb Code     0  startup_stm32f407xx.o(.text)
    I2C2_EV_IRQHandler                       0x08000253   Thumb Code     0  startup_stm32f407xx.o(.text)
    I2C3_ER_IRQHandler                       0x08000253   Thumb Code     0  startup_stm32f407xx.o(.text)
    I2C3_EV_IRQHandler                       0x08000253   Thumb Code     0  startup_stm32f407xx.o(.text)
    OTG_FS_IRQHandler                        0x08000253   Thumb Code     0  startup_stm32f407xx.o(.text)
    OTG_FS_WKUP_IRQHandler                   0x08000253   Thumb Code     0  startup_stm32f407xx.o(.text)
    OTG_HS_EP1_IN_IRQHandler                 0x08000253   Thumb Code     0  startup_stm32f407xx.o(.text)
    OTG_HS_EP1_OUT_IRQHandler                0x08000253   Thumb Code     0  startup_stm32f407xx.o(.text)
    OTG_HS_IRQHandler                        0x08000253   Thumb Code     0  startup_stm32f407xx.o(.text)
    OTG_HS_WKUP_IRQHandler                   0x08000253   Thumb Code     0  startup_stm32f407xx.o(.text)
    PVD_IRQHandler                           0x08000253   Thumb Code     0  startup_stm32f407xx.o(.text)
    RCC_IRQHandler                           0x08000253   Thumb Code     0  startup_stm32f407xx.o(.text)
    RTC_Alarm_IRQHandler                     0x08000253   Thumb Code     0  startup_stm32f407xx.o(.text)
    RTC_WKUP_IRQHandler                      0x08000253   Thumb Code     0  startup_stm32f407xx.o(.text)
    SDIO_IRQHandler                          0x08000253   Thumb Code     0  startup_stm32f407xx.o(.text)
    SPI1_IRQHandler                          0x08000253   Thumb Code     0  startup_stm32f407xx.o(.text)
    SPI2_IRQHandler                          0x08000253   Thumb Code     0  startup_stm32f407xx.o(.text)
    SPI3_IRQHandler                          0x08000253   Thumb Code     0  startup_stm32f407xx.o(.text)
    TAMP_STAMP_IRQHandler                    0x08000253   Thumb Code     0  startup_stm32f407xx.o(.text)
    TIM1_BRK_TIM9_IRQHandler                 0x08000253   Thumb Code     0  startup_stm32f407xx.o(.text)
    TIM1_CC_IRQHandler                       0x08000253   Thumb Code     0  startup_stm32f407xx.o(.text)
    TIM1_TRG_COM_TIM11_IRQHandler            0x08000253   Thumb Code     0  startup_stm32f407xx.o(.text)
    TIM1_UP_TIM10_IRQHandler                 0x08000253   Thumb Code     0  startup_stm32f407xx.o(.text)
    TIM2_IRQHandler                          0x08000253   Thumb Code     0  startup_stm32f407xx.o(.text)
    TIM3_IRQHandler                          0x08000253   Thumb Code     0  startup_stm32f407xx.o(.text)
    TIM4_IRQHandler                          0x08000253   Thumb Code     0  startup_stm32f407xx.o(.text)
    TIM5_IRQHandler                          0x08000253   Thumb Code     0  startup_stm32f407xx.o(.text)
    TIM6_DAC_IRQHandler                      0x08000253   Thumb Code     0  startup_stm32f407xx.o(.text)
    TIM7_IRQHandler                          0x08000253   Thumb Code     0  startup_stm32f407xx.o(.text)
    TIM8_BRK_TIM12_IRQHandler                0x08000253   Thumb Code     0  startup_stm32f407xx.o(.text)
    TIM8_CC_IRQHandler                       0x08000253   Thumb Code     0  startup_stm32f407xx.o(.text)
    TIM8_TRG_COM_TIM14_IRQHandler            0x08000253   Thumb Code     0  startup_stm32f407xx.o(.text)
    TIM8_UP_TIM13_IRQHandler                 0x08000253   Thumb Code     0  startup_stm32f407xx.o(.text)
    UART4_IRQHandler                         0x08000253   Thumb Code     0  startup_stm32f407xx.o(.text)
    UART5_IRQHandler                         0x08000253   Thumb Code     0  startup_stm32f407xx.o(.text)
    USART1_IRQHandler                        0x08000253   Thumb Code     0  startup_stm32f407xx.o(.text)
    USART2_IRQHandler                        0x08000253   Thumb Code     0  startup_stm32f407xx.o(.text)
    USART3_IRQHandler                        0x08000253   Thumb Code     0  startup_stm32f407xx.o(.text)
    USART6_IRQHandler                        0x08000253   Thumb Code     0  startup_stm32f407xx.o(.text)
    WWDG_IRQHandler                          0x08000253   Thumb Code     0  startup_stm32f407xx.o(.text)
    __user_initial_stackheap                 0x08000255   Thumb Code     0  startup_stm32f407xx.o(.text)
    strlen                                   0x08000279   Thumb Code    62  strlen.o(.text)
    __use_two_region_memory                  0x080002b7   Thumb Code     2  heapauxi.o(.text)
    __rt_heap_escrow$2region                 0x080002b9   Thumb Code     2  heapauxi.o(.text)
    __rt_heap_expand$2region                 0x080002bb   Thumb Code     2  heapauxi.o(.text)
    __user_setup_stackheap                   0x080002bd   Thumb Code    74  sys_stackheap_outer.o(.text)
    exit                                     0x08000307   Thumb Code    18  exit.o(.text)
    __user_libspace                          0x08000319   Thumb Code     8  libspace.o(.text)
    __user_perproc_libspace                  0x08000319   Thumb Code     0  libspace.o(.text)
    __user_perthread_libspace                0x08000319   Thumb Code     0  libspace.o(.text)
    _sys_exit                                0x08000321   Thumb Code     8  sys_exit.o(.text)
    __I$use$semihosting                      0x0800032d   Thumb Code     0  use_no_semi.o(.text)
    __use_no_semihosting_swi                 0x0800032d   Thumb Code     2  use_no_semi.o(.text)
    __semihosting_library_function           0x0800032f   Thumb Code     0  indicate_semi.o(.text)
    GPIO_Init                                0x08000331   Thumb Code   834  stm32f407xx_gpio_driver.o(.text.GPIO_Init)
    GPIO_PeriClockControl                    0x08000675   Thumb Code   348  stm32f407xx_gpio_driver.o(.text.GPIO_PeriClockControl)
    SPI2_GPIOInits                           0x080007d1   Thumb Code    70  main.o(.text.SPI2_GPIOInits)
    SPI2_Inits                               0x08000819   Thumb Code    56  main.o(.text.SPI2_Inits)
    SPI_GetFlagStatus                        0x08000851   Thumb Code    42  stm32f407xx_spi_driver.o(.text.SPI_GetFlagStatus)
    SPI_Init                                 0x0800087d   Thumb Code   174  stm32f407xx_spi_driver.o(.text.SPI_Init)
    SPI_PeriClockControl                     0x0800092d   Thumb Code   132  stm32f407xx_spi_driver.o(.text.SPI_PeriClockControl)
    SPI_PeripheralControl                    0x080009b1   Thumb Code    46  stm32f407xx_spi_driver.o(.text.SPI_PeripheralControl)
    SPI_SSIConfig                            0x080009e1   Thumb Code    46  stm32f407xx_spi_driver.o(.text.SPI_SSIConfig)
    SPI_SendData                             0x08000a11   Thumb Code   102  stm32f407xx_spi_driver.o(.text.SPI_SendData)
    SystemInit                               0x08000a79   Thumb Code    18  system_stm32f4xx.o(.text.SystemInit)
    main                                     0x08000a8d   Thumb Code   148  main.o(.text.main)
    _fp_init                                 0x08000b21   Thumb Code    26  fpinit.o(x$fpl$fpinit)
    __fplib_config_fpu_vfp                   0x08000b39   Thumb Code     0  fpinit.o(x$fpl$fpinit)
    __fplib_config_pureend_doubles           0x08000b39   Thumb Code     0  fpinit.o(x$fpl$fpinit)
    Region$$Table$$Base                      0x08000b3c   Number         0  anon$$obj.o(Region$$Table)
    Region$$Table$$Limit                     0x08000b4c   Number         0  anon$$obj.o(Region$$Table)
    __libspace_start                         0x20000000   Data          96  libspace.o(.bss)
    __temporary_stack_top$libspace           0x20000060   Data           0  libspace.o(.bss)



==============================================================================

Memory Map of the image

  Image Entry point : 0x08000239

  Load Region LR_1 (Base: 0x08000000, Size: 0x00000b4c, Max: 0xffffffff, ABSOLUTE)

    Execution Region ER_RO (Exec base: 0x08000000, Load base: 0x08000000, Size: 0x00000b4c, Max: 0xffffffff, ABSOLUTE)

    Exec Addr    Load Addr    Size         Type   Attr      Idx    E Section Name        Object

    0x08000000   0x08000000   0x00000188   Data   RO          307    RESET               startup_stm32f407xx.o
    0x08000188   0x08000188   0x00000008   Code   RO          334  * !!!main             c_w.l(__main.o)
    0x08000190   0x08000190   0x0000005c   Code   RO          499    !!!scatter          c_w.l(__scatter.o)
    0x080001ec   0x080001ec   0x00000002   Code   RO          500    !!handler_null      c_w.l(__scatter.o)
    0x080001ee   0x080001ee   0x00000002   PAD
    0x080001f0   0x080001f0   0x0000001c   Code   RO          503    !!handler_zi        c_w.l(__scatter_zi.o)
    0x0800020c   0x0800020c   0x00000002   Code   RO          361    .ARM.Collect$$libinit$$00000000  c_w.l(libinit.o)
    0x0800020e   0x0800020e   0x00000004   Code   RO          367    .ARM.Collect$$libinit$$00000001  c_w.l(libinit2.o)
    0x08000212   0x08000212   0x00000000   Code   RO          370    .ARM.Collect$$libinit$$00000004  c_w.l(libinit2.o)
    0x08000212   0x08000212   0x00000000   Code   RO          372    .ARM.Collect$$libinit$$00000006  c_w.l(libinit2.o)
    0x08000212   0x08000212   0x00000000   Code   RO          375    .ARM.Collect$$libinit$$0000000C  c_w.l(libinit2.o)
    0x08000212   0x08000212   0x00000000   Code   RO          377    .ARM.Collect$$libinit$$0000000E  c_w.l(libinit2.o)
    0x08000212   0x08000212   0x00000000   Code   RO          379    .ARM.Collect$$libinit$$00000010  c_w.l(libinit2.o)
    0x08000212   0x08000212   0x00000000   Code   RO          382    .ARM.Collect$$libinit$$00000013  c_w.l(libinit2.o)
    0x08000212   0x08000212   0x00000000   Code   RO          384    .ARM.Collect$$libinit$$00000015  c_w.l(libinit2.o)
    0x08000212   0x08000212   0x00000000   Code   RO          386    .ARM.Collect$$libinit$$00000017  c_w.l(libinit2.o)
    0x08000212   0x08000212   0x00000000   Code   RO          388    .ARM.Collect$$libinit$$00000019  c_w.l(libinit2.o)
    0x08000212   0x08000212   0x00000000   Code   RO          390    .ARM.Collect$$libinit$$0000001B  c_w.l(libinit2.o)
    0x08000212   0x08000212   0x00000000   Code   RO          392    .ARM.Collect$$libinit$$0000001D  c_w.l(libinit2.o)
    0x08000212   0x08000212   0x00000000   Code   RO          394    .ARM.Collect$$libinit$$0000001F  c_w.l(libinit2.o)
    0x08000212   0x08000212   0x00000000   Code   RO          396    .ARM.Collect$$libinit$$00000021  c_w.l(libinit2.o)
    0x08000212   0x08000212   0x00000000   Code   RO          398    .ARM.Collect$$libinit$$00000023  c_w.l(libinit2.o)
    0x08000212   0x08000212   0x00000000   Code   RO          400    .ARM.Collect$$libinit$$00000025  c_w.l(libinit2.o)
    0x08000212   0x08000212   0x00000000   Code   RO          402    .ARM.Collect$$libinit$$00000027  c_w.l(libinit2.o)
    0x08000212   0x08000212   0x00000000   Code   RO          406    .ARM.Collect$$libinit$$0000002E  c_w.l(libinit2.o)
    0x08000212   0x08000212   0x00000000   Code   RO          408    .ARM.Collect$$libinit$$00000030  c_w.l(libinit2.o)
    0x08000212   0x08000212   0x00000000   Code   RO          410    .ARM.Collect$$libinit$$00000032  c_w.l(libinit2.o)
    0x08000212   0x08000212   0x00000000   Code   RO          412    .ARM.Collect$$libinit$$00000034  c_w.l(libinit2.o)
    0x08000212   0x08000212   0x00000002   Code   RO          413    .ARM.Collect$$libinit$$00000035  c_w.l(libinit2.o)
    0x08000214   0x08000214   0x00000002   Code   RO          435    .ARM.Collect$$libshutdown$$00000000  c_w.l(libshutdown.o)
    0x08000216   0x08000216   0x00000000   Code   RO          450    .ARM.Collect$$libshutdown$$00000002  c_w.l(libshutdown2.o)
    0x08000216   0x08000216   0x00000000   Code   RO          452    .ARM.Collect$$libshutdown$$00000004  c_w.l(libshutdown2.o)
    0x08000216   0x08000216   0x00000000   Code   RO          455    .ARM.Collect$$libshutdown$$00000007  c_w.l(libshutdown2.o)
    0x08000216   0x08000216   0x00000000   Code   RO          458    .ARM.Collect$$libshutdown$$0000000A  c_w.l(libshutdown2.o)
    0x08000216   0x08000216   0x00000000   Code   RO          460    .ARM.Collect$$libshutdown$$0000000C  c_w.l(libshutdown2.o)
    0x08000216   0x08000216   0x00000000   Code   RO          463    .ARM.Collect$$libshutdown$$0000000F  c_w.l(libshutdown2.o)
    0x08000216   0x08000216   0x00000002   Code   RO          464    .ARM.Collect$$libshutdown$$00000010  c_w.l(libshutdown2.o)
    0x08000218   0x08000218   0x00000000   Code   RO          336    .ARM.Collect$$rtentry$$00000000  c_w.l(__rtentry.o)
    0x08000218   0x08000218   0x00000000   Code   RO          338    .ARM.Collect$$rtentry$$00000002  c_w.l(__rtentry2.o)
    0x08000218   0x08000218   0x00000006   Code   RO          350    .ARM.Collect$$rtentry$$00000004  c_w.l(__rtentry4.o)
    0x0800021e   0x0800021e   0x00000000   Code   RO          340    .ARM.Collect$$rtentry$$00000009  c_w.l(__rtentry2.o)
    0x0800021e   0x0800021e   0x00000004   Code   RO          341    .ARM.Collect$$rtentry$$0000000A  c_w.l(__rtentry2.o)
    0x08000222   0x08000222   0x00000000   Code   RO          343    .ARM.Collect$$rtentry$$0000000C  c_w.l(__rtentry2.o)
    0x08000222   0x08000222   0x00000008   Code   RO          344    .ARM.Collect$$rtentry$$0000000D  c_w.l(__rtentry2.o)
    0x0800022a   0x0800022a   0x00000002   Code   RO          365    .ARM.Collect$$rtexit$$00000000  c_w.l(rtexit.o)
    0x0800022c   0x0800022c   0x00000000   Code   RO          415    .ARM.Collect$$rtexit$$00000002  c_w.l(rtexit2.o)
    0x0800022c   0x0800022c   0x00000004   Code   RO          416    .ARM.Collect$$rtexit$$00000003  c_w.l(rtexit2.o)
    0x08000230   0x08000230   0x00000006   Code   RO          417    .ARM.Collect$$rtexit$$00000004  c_w.l(rtexit2.o)
    0x08000236   0x08000236   0x00000002   PAD
    0x08000238   0x08000238   0x00000040   Code   RO          308  * .text               startup_stm32f407xx.o
    0x08000278   0x08000278   0x0000003e   Code   RO          330    .text               c_w.l(strlen.o)
    0x080002b6   0x080002b6   0x00000006   Code   RO          332    .text               c_w.l(heapauxi.o)
    0x080002bc   0x080002bc   0x0000004a   Code   RO          352    .text               c_w.l(sys_stackheap_outer.o)
    0x08000306   0x08000306   0x00000012   Code   RO          354    .text               c_w.l(exit.o)
    0x08000318   0x08000318   0x00000008   Code   RO          362    .text               c_w.l(libspace.o)
    0x08000320   0x08000320   0x0000000c   Code   RO          425    .text               c_w.l(sys_exit.o)
    0x0800032c   0x0800032c   0x00000002   Code   RO          440    .text               c_w.l(use_no_semi.o)
    0x0800032e   0x0800032e   0x00000000   Code   RO          442    .text               c_w.l(indicate_semi.o)
    0x0800032e   0x0800032e   0x00000002   PAD
    0x08000330   0x08000330   0x00000342   Code   RO           37    .text.GPIO_Init     stm32f407xx_gpio_driver.o
    0x08000672   0x08000672   0x00000002   PAD
    0x08000674   0x08000674   0x0000015c   Code   RO           35    .text.GPIO_PeriClockControl  stm32f407xx_gpio_driver.o
    0x080007d0   0x080007d0   0x00000046   Code   RO            2    .text.SPI2_GPIOInits  main.o
    0x08000816   0x08000816   0x00000002   PAD
    0x08000818   0x08000818   0x00000038   Code   RO            4    .text.SPI2_Inits    main.o
    0x08000850   0x08000850   0x0000002a   Code   RO          199    .text.SPI_GetFlagStatus  stm32f407xx_spi_driver.o
    0x0800087a   0x0800087a   0x00000002   PAD
    0x0800087c   0x0800087c   0x000000ae   Code   RO          195    .text.SPI_Init      stm32f407xx_spi_driver.o
    0x0800092a   0x0800092a   0x00000002   PAD
    0x0800092c   0x0800092c   0x00000084   Code   RO          193    .text.SPI_PeriClockControl  stm32f407xx_spi_driver.o
    0x080009b0   0x080009b0   0x0000002e   Code   RO          205    .text.SPI_PeripheralControl  stm32f407xx_spi_driver.o
    0x080009de   0x080009de   0x00000002   PAD
    0x080009e0   0x080009e0   0x0000002e   Code   RO          207    .text.SPI_SSIConfig  stm32f407xx_spi_driver.o
    0x08000a0e   0x08000a0e   0x00000002   PAD
    0x08000a10   0x08000a10   0x00000066   Code   RO          201    .text.SPI_SendData  stm32f407xx_spi_driver.o
    0x08000a76   0x08000a76   0x00000002   PAD
    0x08000a78   0x08000a78   0x00000012   Code   RO          315    .text.SystemInit    system_stm32f4xx.o
    0x08000a8a   0x08000a8a   0x00000002   PAD
    0x08000a8c   0x08000a8c   0x00000094   Code   RO            6    .text.main          main.o
    0x08000b20   0x08000b20   0x0000001a   Code   RO          423    x$fpl$fpinit        fz_wm.l(fpinit.o)
    0x08000b3a   0x08000b3a   0x00000002   PAD
    0x08000b3c   0x08000b3c   0x00000010   Data   RO          498    Region$$Table       anon$$obj.o


    Execution Region ER_RW (Exec base: 0x20000000, Load base: 0x08000b4c, Size: 0x00000000, Max: 0xffffffff, ABSOLUTE)

    **** No section assigned to this execution region ****


    Execution Region ER_ZI (Exec base: 0x20000000, Load base: 0x08000b4c, Size: 0x00000660, Max: 0xffffffff, ABSOLUTE)

    Exec Addr    Load Addr    Size         Type   Attr      Idx    E Section Name        Object

    0x20000000        -       0x00000060   Zero   RW          363    .bss                c_w.l(libspace.o)
    0x20000060        -       0x00000200   Zero   RW          306    HEAP                startup_stm32f407xx.o
    0x20000260        -       0x00000400   Zero   RW          305    STACK               startup_stm32f407xx.o


==============================================================================

Image component sizes


      Code (inc. data)   RO Data    RW Data    ZI Data      Debug   Object Name

       274          0          0          0          0       2297   main.o
        64         26        392          0       1536        908   startup_stm32f407xx.o
      1182          0          0          0          0       5379   stm32f407xx_gpio_driver.o
       542          0          0          0          0       6480   stm32f407xx_spi_driver.o
        18          0          0          0          0       2774   system_stm32f4xx.o

    ----------------------------------------------------------------------
      2096         26        408          0       1536      17838   Object Totals
         0          0         16          0          0          0   (incl. Generated)
        16          0          0          0          0          0   (incl. Padding)

    ----------------------------------------------------------------------

      Code (inc. data)   RO Data    RW Data    ZI Data      Debug   Library Member Name

         8          0          0          0          0         68   __main.o
         0          0          0          0          0          0   __rtentry.o
        12          0          0          0          0          0   __rtentry2.o
         6          0          0          0          0          0   __rtentry4.o
        94          8          0          0          0          0   __scatter.o
        28          0          0          0          0          0   __scatter_zi.o
        18          0          0          0          0         80   exit.o
         6          0          0          0          0        152   heapauxi.o
         0          0          0          0          0          0   indicate_semi.o
         2          0          0          0          0          0   libinit.o
         6          0          0          0          0          0   libinit2.o
         2          0          0          0          0          0   libshutdown.o
         2          0          0          0          0          0   libshutdown2.o
         8          4          0          0         96         68   libspace.o
         2          0          0          0          0          0   rtexit.o
        10          0          0          0          0          0   rtexit2.o
        62          0          0          0          0         76   strlen.o
        12          4          0          0          0         68   sys_exit.o
        74          0          0          0          0         80   sys_stackheap_outer.o
         2          0          0          0          0         68   use_no_semi.o
        26          0          0          0          0        116   fpinit.o

    ----------------------------------------------------------------------
       388         16          0          0         96        776   Library Totals
         8          0          0          0          0          0   (incl. Padding)

    ----------------------------------------------------------------------

      Code (inc. data)   RO Data    RW Data    ZI Data      Debug   Library Name

       354         16          0          0         96        660   c_w.l
        26          0          0          0          0        116   fz_wm.l

    ----------------------------------------------------------------------
       388         16          0          0         96        776   Library Totals

    ----------------------------------------------------------------------

==============================================================================


      Code (inc. data)   RO Data    RW Data    ZI Data      Debug   

      2484         42        408          0       1632      18346   Grand Totals
      2484         42        408          0       1632      18346   ELF Image Totals
      2484         42        408          0          0          0   ROM Totals

==============================================================================

    Total RO  Size (Code + RO Data)                 2892 (   2.82kB)
    Total RW  Size (RW Data + ZI Data)              1632 (   1.59kB)
    Total ROM Size (Code + RO Data + RW Data)       2892 (   2.82kB)

==============================================================================

